Java HotSpot(TM) 64-Bit Server VM (25.162-b12) for bsd-amd64 JRE (1.8.0_162-b12), built on Dec 19 2017 17:33:35 by "java_re" with gcc 4.2.1 (Based on Apple Inc. build 5658) (LLVM build 2336.11.00)
Memory: 4k page, physical 8388608k(344044k free)

/proc/meminfo:

CommandLine flags: -XX:+ExplicitGCInvokesConcurrent -XX:GCLogFileSize=104857600 -XX:InitialHeapSize=1073741824 -XX:InitiatingHeapOccupancyPercent=35 -XX:+ManagementServer -XX:MaxGCPauseMillis=20 -XX:MaxHeapSize=1073741824 -XX:NumberOfGCLogFiles=10 -XX:+PrintGC -XX:+PrintGCDateStamps -XX:+PrintGCDetails -XX:+PrintGCTimeStamps -XX:+UseCompressedClassPointers -XX:+UseCompressedOops -XX:+UseG1GC -XX:+UseGCLogFileRotation 
2019-02-21T00:14:13.562-0100: 1.850: [GC pause (G1 Evacuation Pause) (young), 0.0129836 secs]
   [Parallel Time: 7.5 ms, GC Workers: 4]
      [GC Worker Start (ms): Min: 1850.0, Avg: 1850.0, Max: 1850.1, Diff: 0.1]
      [Ext Root Scanning (ms): Min: 0.8, Avg: 1.6, Max: 2.4, Diff: 1.6, Sum: 6.3]
      [Update RS (ms): Min: 0.0, Avg: 0.0, Max: 0.0, Diff: 0.0, Sum: 0.0]
         [Processed Buffers: Min: 0, Avg: 0.0, Max: 0, Diff: 0, Sum: 0]
      [Scan RS (ms): Min: 0.0, Avg: 0.0, Max: 0.0, Diff: 0.0, Sum: 0.0]
      [Code Root Scanning (ms): Min: 0.0, Avg: 0.2, Max: 0.5, Diff: 0.5, Sum: 0.8]
      [Object Copy (ms): Min: 4.3, Avg: 5.0, Max: 5.8, Diff: 1.5, Sum: 20.1]
      [Termination (ms): Min: 0.0, Avg: 0.5, Max: 0.7, Diff: 0.7, Sum: 1.8]
         [Termination Attempts: Min: 1, Avg: 1.0, Max: 1, Diff: 0, Sum: 4]
      [GC Worker Other (ms): Min: 0.0, Avg: 0.0, Max: 0.0, Diff: 0.0, Sum: 0.1]
      [GC Worker Total (ms): Min: 7.2, Avg: 7.3, Max: 7.4, Diff: 0.2, Sum: 29.2]
      [GC Worker End (ms): Min: 1857.2, Avg: 1857.3, Max: 1857.4, Diff: 0.2]
   [Code Root Fixup: 0.0 ms]
   [Code Root Purge: 0.0 ms]
   [Clear CT: 0.1 ms]
   [Other: 5.4 ms]
      [Choose CSet: 0.0 ms]
      [Ref Proc: 5.0 ms]
      [Ref Enq: 0.0 ms]
      [Redirty Cards: 0.1 ms]
      [Humongous Register: 0.0 ms]
      [Humongous Reclaim: 0.0 ms]
      [Free CSet: 0.1 ms]
   [Eden: 51.0M(51.0M)->0.0B(44.0M) Survivors: 0.0B->7168.0K Heap: 51.0M(1024.0M)->8124.5K(1024.0M)]
 [Times: user=0.02 sys=0.00, real=0.01 secs] 
2019-02-21T00:14:14.121-0100: 2.410: [GC pause (Metadata GC Threshold) (young) (initial-mark), 0.0105124 secs]
   [Parallel Time: 6.8 ms, GC Workers: 4]
      [GC Worker Start (ms): Min: 2409.6, Avg: 2409.7, Max: 2409.7, Diff: 0.0]
      [Ext Root Scanning (ms): Min: 0.6, Avg: 2.3, Max: 6.5, Diff: 6.0, Sum: 9.2]
      [Update RS (ms): Min: 0.0, Avg: 0.1, Max: 0.2, Diff: 0.2, Sum: 0.2]
         [Processed Buffers: Min: 0, Avg: 0.2, Max: 1, Diff: 1, Sum: 1]
      [Scan RS (ms): Min: 0.0, Avg: 0.0, Max: 0.0, Diff: 0.0, Sum: 0.0]
      [Code Root Scanning (ms): Min: 0.0, Avg: 0.3, Max: 1.0, Diff: 1.0, Sum: 1.0]
      [Object Copy (ms): Min: 0.1, Avg: 3.5, Max: 4.9, Diff: 4.7, Sum: 14.0]
      [Termination (ms): Min: 0.0, Avg: 0.5, Max: 0.7, Diff: 0.7, Sum: 2.2]
         [Termination Attempts: Min: 1, Avg: 24.2, Max: 36, Diff: 35, Sum: 97]
      [GC Worker Other (ms): Min: 0.0, Avg: 0.0, Max: 0.0, Diff: 0.0, Sum: 0.0]
      [GC Worker Total (ms): Min: 6.7, Avg: 6.7, Max: 6.7, Diff: 0.0, Sum: 26.7]
      [GC Worker End (ms): Min: 2416.3, Avg: 2416.3, Max: 2416.3, Diff: 0.0]
   [Code Root Fixup: 0.0 ms]
   [Code Root Purge: 0.0 ms]
   [Clear CT: 0.1 ms]
   [Other: 3.6 ms]
      [Choose CSet: 0.0 ms]
      [Ref Proc: 3.3 ms]
      [Ref Enq: 0.0 ms]
      [Redirty Cards: 0.0 ms]
      [Humongous Register: 0.0 ms]
      [Humongous Reclaim: 0.0 ms]
      [Free CSet: 0.1 ms]
   [Eden: 32.0M(44.0M)->0.0B(44.0M) Survivors: 7168.0K->7168.0K Heap: 167.9M(1024.0M)->138.7M(1024.0M)]
 [Times: user=0.03 sys=0.00, real=0.01 secs] 
2019-02-21T00:14:14.132-0100: 2.420: [GC concurrent-root-region-scan-start]
2019-02-21T00:14:14.138-0100: 2.426: [GC concurrent-root-region-scan-end, 0.0054911 secs]
2019-02-21T00:14:14.138-0100: 2.426: [GC concurrent-mark-start]
2019-02-21T00:14:14.138-0100: 2.426: [GC concurrent-mark-end, 0.0005425 secs]
2019-02-21T00:14:14.138-0100: 2.427: [GC remark 2019-02-21T00:14:14.138-0100: 2.427: [Finalize Marking, 0.0003279 secs] 2019-02-21T00:14:14.139-0100: 2.427: [GC ref-proc, 0.0000787 secs] 2019-02-21T00:14:14.139-0100: 2.427: [Unloading, 0.0024197 secs], 0.0041965 secs]
 [Times: user=0.01 sys=0.00, real=0.01 secs] 
2019-02-21T00:14:14.143-0100: 2.431: [GC cleanup 139M->139M(1024M), 0.0006894 secs]
 [Times: user=0.01 sys=0.00, real=0.00 secs2019-02-21T00:14:18.403-0100: 7.448: [GC pause (G1 Evacuation Pause) (young), 0.0147012 secs]
   [Parallel Time: 10.8 ms, GC Workers: 4]
      [GC Worker Start (ms): Min: 7448.5, Avg: 7448.5, Max: 7448.5, Diff: 0.1]
      [Ext Root Scanning (ms): Min: 1.3, Avg: 1.8, Max: 2.6, Diff: 1.3, Sum: 7.0]
      [Update RS (ms): Min: 0.0, Avg: 0.3, Max: 0.4, Diff: 0.4, Sum: 1.1]
         [Processed Buffers: Min: 0, Avg: 1.0, Max: 2, Diff: 2, Sum: 4]
      [Scan RS (ms): Min: 0.0, Avg: 0.0, Max: 0.0, Diff: 0.0, Sum: 0.0]
      [Code Root Scanning (ms): Min: 0.0, Avg: 0.6, Max: 1.7, Diff: 1.7, Sum: 2.5]
      [Object Copy (ms): Min: 7.5, Avg: 8.1, Max: 8.6, Diff: 1.0, Sum: 32.3]
      [Termination (ms): Min: 0.0, Avg: 0.0, Max: 0.0, Diff: 0.0, Sum: 0.0]
         [Termination Attempts: Min: 1, Avg: 2.2, Max: 4, Diff: 3, Sum: 9]
      [GC Worker Other (ms): Min: 0.0, Avg: 0.0, Max: 0.0, Diff: 0.0, Sum: 0.1]
      [GC Worker Total (ms): Min: 10.7, Avg: 10.7, Max: 10.8, Diff: 0.0, Sum: 43.0]
      [GC Worker End (ms): Min: 7459.2, Avg: 7459.2, Max: 7459.2, Diff: 0.0]
   [Code Root Fixup: 0.1 ms]
   [Code Root Purge: 0.0 ms]
   [Clear CT: 0.1 ms]
   [Other: 3.7 ms]
      [Choose CSet: 0.0 ms]
      [Ref Proc: 3.2 ms]
      [Ref Enq: 0.0 ms]
      [Redirty Cards: 0.1 ms]
      [Humongous Register: 0.0 ms]
      [Humongous Reclaim: 0.0 ms]
      [Free CSet: 0.2 ms]
   [Eden: 44.0M(44.0M)->0.0B(44.0M) Survivors: 7168.0K->7168.0K Heap: 183.2M(1024.0M)->144.9M(1024.0M)]
 [Times: user=0.04 sys=0.00, real=0.01 secs] 22019-02-21T00:14:52.530-0100: 41.580: [GC pause (G1 Evacuation Pause) (young), 0.0107938 secs]
   [Parallel Time: 8.1 ms, GC Workers: 4]
      [GC Worker Start (ms): Min: 41579.9, Avg: 41579.9, Max: 41579.9, Diff: 0.0]
      [Ext Root Scanning (ms): Min: 0.6, Avg: 0.8, Max: 1.1, Diff: 0.5, Sum: 3.1]
      [Update RS (ms): Min: 0.3, Avg: 0.3, Max: 0.4, Diff: 0.1, Sum: 1.4]
         [Processed Buffers: Min: 1, Avg: 6.2, Max: 15, Diff: 14, Sum: 25]
      [Scan RS (ms): Min: 0.0, Avg: 0.2, Max: 0.3, Diff: 0.3, Sum: 0.9]
      [Code Root Scanning (ms): Min: 0.2, Avg: 0.3, Max: 0.5, Diff: 0.4, Sum: 1.3]
      [Object Copy (ms): Min: 5.4, Avg: 5.8, Max: 6.4, Diff: 1.0, Sum: 23.2]
      [Termination (ms): Min: 0.0, Avg: 0.5, Max: 0.7, Diff: 0.7, Sum: 1.9]
         [Termination Attempts: Min: 1, Avg: 1.0, Max: 1, Diff: 0, Sum: 4]
      [GC Worker Other (ms): Min: 0.0, Avg: 0.0, Max: 0.0, Diff: 0.0, Sum: 0.0]
      [GC Worker Total (ms): Min: 7.9, Avg: 8.0, Max: 8.0, Diff: 0.1, Sum: 31.9]
      [GC Worker End (ms): Min: 41587.8, Avg: 41587.8, Max: 41587.9, Diff: 0.1]
   [Code Root Fixup: 0.0 ms]
   [Code Root Purge: 0.1 ms]
   [Clear CT: 0.1 ms]
   [Other: 2.5 ms]
      [Choose CSet: 0.0 ms]
      [Ref Proc: 2.0 ms]
      [Ref Enq: 0.0 ms]
      [Redirty Cards: 0.1 ms]
      [Humongous Register: 0.1 ms]
      [Humongous Reclaim: 0.0 ms]
      [Free CSet: 0.1 ms]
   [Eden: 44.0M(44.0M)->0.0B(44.0M) Survivors: 7168.0K->7168.0K Heap: 188.9M(1024.0M)->145.5M(1024.0M)]
 [Times: user=0.03 sys=0.01, real=0.01 secs] 
2019-02-21T00:15:25.001-0100: 74.050: [GC pause (G1 Evacuation Pause) (young), 0.0130766 secs]
   [Parallel Time: 12.2 ms, GC Workers: 4]
      [GC Worker Start (ms): Min: 74050.6, Avg: 74050.7, Max: 74051.0, Diff: 0.5]
      [Ext Root Scanning (ms): Min: 0.4, Avg: 1.0, Max: 1.9, Diff: 1.4, Sum: 3.8]
      [Update RS (ms): Min: 0.0, Avg: 0.9, Max: 2.7, Diff: 2.7, Sum: 3.8]
         [Processed Buffers: Min: 0, Avg: 5.0, Max: 12, Diff: 12, Sum: 20]
      [Scan RS (ms): Min: 0.0, Avg: 0.1, Max: 0.4, Diff: 0.4, Sum: 0.6]
      [Code Root Scanning (ms): Min: 0.0, Avg: 0.7, Max: 1.3, Diff: 1.3, Sum: 2.6]
      [Object Copy (ms): Min: 8.5, Avg: 9.3, Max: 9.9, Diff: 1.4, Sum: 37.1]
      [Termination (ms): Min: 0.0, Avg: 0.0, Max: 0.0, Diff: 0.0, Sum: 0.0]
         [Termination Attempts: Min: 1, Avg: 2.5, Max: 5, Diff: 4, Sum: 10]
      [GC Worker Other (ms): Min: 0.0, Avg: 0.0, Max: 0.0, Diff: 0.0, Sum: 0.1]
      [GC Worker Total (ms): Min: 11.7, Avg: 12.0, Max: 12.1, Diff: 0.5, Sum: 48.0]
      [GC Worker End (ms): Min: 74062.7, Avg: 74062.7, Max: 74062.7, Diff: 0.0]
   [Code Root Fixup: 0.1 ms]
   [Code Root Purge: 0.0 ms]
   [Clear CT: 0.1 ms]
   [Other: 0.8 ms]
      [Choose CSet: 0.0 ms]
      [Ref Proc: 0.4 ms]
      [Ref Enq: 0.0 ms]
      [Redirty Cards: 0.1 ms]
      [Humongous Register: 0.0 ms]
      [Humongous Reclaim: 0.0 ms]
      [Free CSet: 0.1 ms]
   [Eden: 44.0M(44.0M)->0.0B(46.0M) Survivors: 7168.0K->5120.0K Heap: 189.5M(1024.0M)->148.3M(1024.0M)]
 [Times: user=0.04 sys=0.00, real=0.01 secs] 
2019-02-21T00:16:43.863-0100: 152.911: [GC pause (G1 Evacuation Pause) (young), 0.0237619 secs]
   [Parallel Time: 20.8 ms, GC Workers: 4]
      [GC Worker Start (ms): Min: 152911.0, Avg: 152912.4, Max: 152915.3, Diff: 4.3]
      [Ext Root Scanning (ms): Min: 0.0, Avg: 0.7, Max: 1.4, Diff: 1.4, Sum: 2.6]
      [Update RS (ms): Min: 0.0, Avg: 0.7, Max: 1.0, Diff: 1.0, Sum: 2.9]
         [Processed Buffers: Min: 0, Avg: 9.0, Max: 16, Diff: 16, Sum: 36]
      [Scan RS (ms): Min: 0.0, Avg: 0.5, Max: 0.8, Diff: 0.8, Sum: 1.8]
      [Code Root Scanning (ms): Min: 0.0, Avg: 1.6, Max: 5.2, Diff: 5.2, Sum: 6.2]
      [Object Copy (ms): Min: 6.1, Avg: 9.6, Max: 11.9, Diff: 5.9, Sum: 38.3]
      [Termination (ms): Min: 0.0, Avg: 4.7, Max: 6.4, Diff: 6.4, Sum: 18.8]
         [Termination Attempts: Min: 1, Avg: 3.5, Max: 7, Diff: 6, Sum: 14]
      [GC Worker Other (ms): Min: 0.0, Avg: 0.0, Max: 0.0, Diff: 0.0, Sum: 0.0]
      [GC Worker Total (ms): Min: 14.8, Avg: 17.6, Max: 20.4, Diff: 5.5, Sum: 70.6]
      [GC Worker End (ms): Min: 152926.0, Avg: 152930.1, Max: 152931.6, Diff: 5.6]
   [Code Root Fixup: 0.0 ms]
   [Code Root Purge: 0.0 ms]
   [Clear CT: 0.5 ms]
   [Other: 2.4 ms]
      [Choose CSet: 0.0 ms]
      [Ref Proc: 1.2 ms]
      [Ref Enq: 0.0 ms]
      [Redirty Cards: 0.6 ms]
      [Humongous Register: 0.1 ms]
      [Humongous Reclaim: 0.1 ms]
      [Free CSet: 0.1 ms]
   [Eden: 46.0M(46.0M)->0.0B(46.0M) Survivors: 5120.0K->5120.0K Heap: 194.3M(1024.0M)->151.5M(1024.0M)]
 [Times: user=0.04 sys=0.01, real=0.02 secs] 
2019-02-21T00:18:17.807-0100: 246.853: [GC pause (G1 Evacuation Pause) (young), 0.0097493 secs]
   [Parallel Time: 9.1 ms, GC Workers: 4]
      [GC Worker Start (ms): Min: 246852.8, Avg: 246852.8, Max: 246852.9, Diff: 0.1]
      [Ext Root Scanning (ms): Min: 0.6, Avg: 0.6, Max: 0.7, Diff: 0.1, Sum: 2.4]
      [Update RS (ms): Min: 2.5, Avg: 2.5, Max: 2.6, Diff: 0.1, Sum: 10.1]
         [Processed Buffers: Min: 3, Avg: 9.8, Max: 14, Diff: 11, Sum: 39]
      [Scan RS (ms): Min: 0.2, Avg: 0.3, Max: 0.4, Diff: 0.1, Sum: 1.2]
      [Code Root Scanning (ms): Min: 0.0, Avg: 0.3, Max: 0.7, Diff: 0.7, Sum: 1.1]
      [Object Copy (ms): Min: 4.8, Avg: 5.4, Max: 5.7, Diff: 0.8, Sum: 21.4]
      [Termination (ms): Min: 0.0, Avg: 0.0, Max: 0.0, Diff: 0.0, Sum: 0.0]
         [Termination Attempts: Min: 1, Avg: 1.0, Max: 1, Diff: 0, Sum: 4]
      [GC Worker Other (ms): Min: 0.0, Avg: 0.0, Max: 0.0, Diff: 0.0, Sum: 0.1]
      [GC Worker Total (ms): Min: 9.0, Avg: 9.1, Max: 9.1, Diff: 0.1, Sum: 36.2]
      [GC Worker End (ms): Min: 246861.9, Avg: 246861.9, Max: 246861.9, Diff: 0.0]
   [Code Root Fixup: 0.0 ms]
   [Code Root Purge: 0.0 ms]
   [Clear CT: 0.1 ms]
   [Other: 0.5 ms]
      [Choose CSet: 0.0 ms]
      [Ref Proc: 0.1 ms]
      [Ref Enq: 0.0 ms]
      [Redirty Cards: 0.1 ms]
      [Humongous Register: 0.0 ms]
      [Humongous Reclaim: 0.0 ms]
      [Free CSet: 0.0 ms]
   [Eden: 46.0M(46.0M)->0.0B(47.0M) Survivors: 5120.0K->4096.0K Heap: 197.5M(1024.0M)->152.5M(1024.0M)]
 [Times: user=0.03 sys=0.00, real=0.01 secs] 
2019-02-21T00:19:50.155-0100: 339.198: [GC pause (G1 Evacuation Pause) (young), 0.0108559 secs]
   [Parallel Time: 10.1 ms, GC Workers: 4]
      [GC Worker Start (ms): Min: 339198.3, Avg: 339198.4, Max: 339198.7, Diff: 0.3]
      [Ext Root Scanning (ms): Min: 0.5, Avg: 0.7, Max: 0.8, Diff: 0.4, Sum: 2.9]
      [Update RS (ms): Min: 1.3, Avg: 1.5, Max: 1.6, Diff: 0.2, Sum: 5.9]
         [Processed Buffers: Min: 11, Avg: 12.5, Max: 14, Diff: 3, Sum: 50]
      [Scan RS (ms): Min: 0.2, Avg: 0.3, Max: 0.4, Diff: 0.2, Sum: 1.3]
      [Code Root Scanning (ms): Min: 0.0, Avg: 0.2, Max: 0.4, Diff: 0.4, Sum: 0.6]
      [Object Copy (ms): Min: 7.0, Avg: 7.3, Max: 7.5, Diff: 0.5, Sum: 29.1]
      [Termination (ms): Min: 0.0, Avg: 0.0, Max: 0.0, Diff: 0.0, Sum: 0.0]
         [Termination Attempts: Min: 2, Avg: 3.8, Max: 7, Diff: 5, Sum: 15]
      [GC Worker Other (ms): Min: 0.0, Avg: 0.0, Max: 0.0, Diff: 0.0, Sum: 0.0]
      [GC Worker Total (ms): Min: 9.7, Avg: 10.0, Max: 10.1, Diff: 0.3, Sum: 39.9]
      [GC Worker End (ms): Min: 339208.4, Avg: 339208.4, Max: 339208.4, Diff: 0.0]
   [Code Root Fixup: 0.0 ms]
   [Code Root Purge: 0.0 ms]
   [Clear CT: 0.1 ms]
   [Other: 0.6 ms]
      [Choose CSet: 0.0 ms]
      [Ref Proc: 0.3 ms]
      [Ref Enq: 0.0 ms]
      [Redirty Cards: 0.1 ms]
      [Humongous Register: 0.0 ms]
      [Humongous Reclaim: 0.0 ms]
      [Free CSet: 0.0 ms]
   [Eden: 47.0M(47.0M)->0.0B(44.0M) Survivors: 4096.0K->7168.0K Heap: 199.5M(1024.0M)->155.4M(1024.0M)]
 [Times: user=0.04 sys=0.00, real=0.01 secs] 
2019-02-212019-02-21T00:20:50.516-0100: 400.181: [GC pause (G1 Evacuation Pause) (young), 0.0431333 secs]
   [Parallel Time: 38.8 ms, GC Workers: 4]
      [GC Worker Start (ms): Min: 400184.3, Avg: 400184.4, Max: 400184.4, Diff: 0.2]
      [Ext Root Scanning (ms): Min: 2.3, Avg: 3.6, Max: 7.5, Diff: 5.2, Sum: 14.4]
      [Update RS (ms): Min: 0.0, Avg: 1.5, Max: 2.1, Diff: 2.1, Sum: 5.9]
         [Processed Buffers: Min: 0, Avg: 9.2, Max: 28, Diff: 28, Sum: 37]
      [Scan RS (ms): Min: 0.0, Avg: 0.0, Max: 0.0, Diff: 0.0, Sum: 0.0]
      [Code Root Scanning (ms): Min: 0.0, Avg: 0.3, Max: 0.7, Diff: 0.7, Sum: 1.4]
      [Object Copy (ms): Min: 31.2, Avg: 33.2, Max: 34.5, Diff: 3.3, Sum: 132.8]
      [Termination (ms): Min: 0.0, Avg: 0.0, Max: 0.0, Diff: 0.0, Sum: 0.0]
         [Termination Attempts: Min: 1, Avg: 1.0, Max: 1, Diff: 0, Sum: 4]
      [GC Worker Other (ms): Min: 0.0, Avg: 0.0, Max: 0.0, Diff: 0.0, Sum: 0.1]
      [GC Worker Total (ms): Min: 38.6, Avg: 38.7, Max: 38.8, Diff: 0.2, Sum: 154.6]
      [GC Worker End (ms): Min: 400223.0, Avg: 400223.0, Max: 400223.0, Diff: 0.0]
   [Code Root Fixup: 0.0 ms]
   [Code Root Purge: 0.0 ms]
   [Clear CT: 0.1 ms]
   [Other: 4.2 ms]
      [Choose CSet: 0.0 ms]
      [Ref Proc: 0.8 ms]
      [Ref Enq: 0.0 ms]
      [Redirty Cards: 0.1 ms]
      [Humongous Register: 2.5 ms]
      [Humongous Reclaim: 0.0 ms]
      [Free CSet: 0.1 ms]
   [Eden: 45.0M(45.0M)->0.0B(44.0M) Survivors: 6144.0K->7168.0K Heap: 198.2M(1024.0M)->155.4M(1024.0M)]
 [Times: user=0.05 sys=0.07, re2019-02-21T00:22019-02-21T00:22:15.244-0100: 484.908: [GC pause (G1 Evacuation Pause) (young), 0.0105907 secs]
   [Parallel Time: 10.0 ms, GC Workers: 4]
      [GC Worker Start (ms): Min: 484907.9, Avg: 484907.9, Max: 484908.0, Diff: 0.1]
      [Ext Root Scanning (ms): Min: 0.5, Avg: 0.6, Max: 0.6, Diff: 0.1, Sum: 2.2]
      [Update RS (ms): Min: 1.3, Avg: 1.4, Max: 1.6, Diff: 0.2, Sum: 5.6]
         [Processed Buffers: Min: 2, Avg: 12.5, Max: 24, Diff: 22, Sum: 50]
      [Scan RS (ms): Min: 0.1, Avg: 0.2, Max: 0.3, Diff: 0.2, Sum: 0.9]
      [Code Root Scanning (ms): Min: 0.0, Avg: 0.1, Max: 0.2, Diff: 0.2, Sum: 0.2]
      [Object Copy (ms): Min: 7.5, Avg: 7.6, Max: 7.7, Diff: 0.2, Sum: 30.6]
      [Termination (ms): Min: 0.0, Avg: 0.0, Max: 0.0, Diff: 0.0, Sum: 0.1]
         [Termination Attempts: Min: 2, Avg: 4.2, Max: 7, Diff: 5, Sum: 17]
      [GC Worker Other (ms): Min: 0.0, Avg: 0.0, Max: 0.0, Diff: 0.0, Sum: 0.1]
      [GC Worker Total (ms): Min: 9.9, Avg: 9.9, Max: 9.9, Diff: 0.1, Sum: 39.7]
      [GC Worker End (ms): Min: 484917.8, Avg: 484917.8, Max: 484917.8, Diff: 0.0]
   [Code Root Fixup: 0.0 ms]
   [Code Root Purge: 0.0 ms]
   [Clear CT: 0.1 ms]
   [Other: 0.5 ms]
      [Choose CSet: 0.0 ms]
      [Ref Proc: 0.2 ms]
      [Ref Enq: 0.0 ms]
      [Redirty Cards: 0.0 ms]
      [Humongous Register: 0.1 ms]
      [Humongous Reclaim: 0.0 ms]
      [Free CSet: 0.0 ms]
   [Eden: 44.0M(44.0M)->0.0B(46.0M) Survivors: 7168.0K->5120.0K Heap: 199.4M(1024.0M)->154.3M(1024.0M)]
 [Times: user=0.04 sys=0.00, real=0.01 secs] 
2019-02-21T00:23:53.543-0100: 583.205: [GC pause (G1 Evacuation Pause) (young), 0.0085113 secs]
   [Parallel Time: 7.9 ms, GC Workers: 4]
      [GC Worker Start (ms): Min: 583204.9, Avg: 583204.9, Max: 583205.0, Diff: 0.1]
      [Ext Root Scanning (ms): Min: 0.7, Avg: 0.7, Max: 0.8, Diff: 0.1, Sum: 3.0]
      [Update RS (ms): Min: 1.9, Avg: 2.0, Max: 2.1, Diff: 0.2, Sum: 8.0]
         [Processed Buffers: Min: 4, Avg: 13.0, Max: 23, Diff: 19, Sum: 52]
      [Scan RS (ms): Min: 0.7, Avg: 0.9, Max: 1.0, Diff: 0.3, Sum: 3.4]
      [Code Root Scanning (ms): Min: 0.0, Avg: 0.0, Max: 0.0, Diff: 0.0, Sum: 0.1]
      [Object Copy (ms): Min: 4.1, Avg: 4.2, Max: 4.3, Diff: 0.2, Sum: 16.7]
      [Termination (ms): Min: 0.0, Avg: 0.0, Max: 0.0, Diff: 0.0, Sum: 0.0]
         [Termination Attempts: Min: 1, Avg: 1.0, Max: 1, Diff: 0, Sum: 4]
      [GC Worker Other (ms): Min: 0.0, Avg: 0.0, Max: 0.0, Diff: 0.0, Sum: 0.1]
      [GC Worker Total (ms): Min: 7.8, Avg: 7.8, Max: 7.8, Diff: 0.1, Sum: 31.2]
      [GC Worker End (ms): Min: 583212.7, Avg: 583212.7, Max: 583212.7, Diff: 0.0]
   [Code Root Fixup: 0.0 ms]
   [Code Root Purge: 0.0 ms]
   [Clear CT: 0.1 ms]
   [Other: 0.5 ms]
      [Choose CSet: 0.0 ms]
      [Ref Proc: 0.1 ms]
      [Ref Enq: 0.0 ms]
      [Redirty Cards: 0.1 ms]
      [Humongous Register: 0.0 ms]
      [Humongous Reclaim: 0.0 ms]
      [Free CSet: 0.0 ms]
   [Eden: 46.0M(46.0M)->0.0B(46.0M) Survivors: 5120.0K->5120.0K Heap: 200.3M(1024.0M)->154.3M(1024.0M)]
 [Times: user=0.04 sys=0.00, real=0.01 secs] 
2019-02-21T00:25:37.638-0100: 687.297: [GC pause (G1 Evacuation Pause) (young), 0.0133079 secs]
   [Parallel Time: 12.0 ms, GC Workers: 4]
      [GC Worker Start (ms): Min: 687297.4, Avg: 687297.5, Max: 687297.5, Diff: 0.1]
      [Ext Root Scanning (ms): Min: 0.6, Avg: 0.6, Max: 0.7, Diff: 0.1, Sum: 2.5]
      [Update RS (ms): Min: 1.6, Avg: 1.7, Max: 1.8, Diff: 0.2, Sum: 6.6]
         [Processed Buffers: Min: 6, Avg: 11.8, Max: 18, Diff: 12, Sum: 47]
      [Scan RS (ms): Min: 0.2, Avg: 0.3, Max: 0.4, Diff: 0.2, Sum: 1.3]
      [Code Root Scanning (ms): Min: 0.0, Avg: 0.0, Max: 0.0, Diff: 0.0, Sum: 0.1]
      [Object Copy (ms): Min: 9.2, Avg: 9.3, Max: 9.3, Diff: 0.2, Sum: 37.0]
      [Termination (ms): Min: 0.0, Avg: 0.0, Max: 0.0, Diff: 0.0, Sum: 0.0]
         [Termination Attempts: Min: 1, Avg: 1.0, Max: 1, Diff: 0, Sum: 4]
      [GC Worker Other (ms): Min: 0.0, Avg: 0.0, Max: 0.0, Diff: 0.0, Sum: 0.1]
      [GC Worker Total (ms): Min: 11.9, Avg: 11.9, Max: 11.9, Diff: 0.1, Sum: 47.6]
      [GC Worker End (ms): Min: 687309.4, Avg: 687309.4, Max: 687309.4, Diff: 0.0]
   [Code Root Fixup: 0.0 ms]
   [Code Root Purge: 0.0 ms]
   [Clear CT: 0.1 ms]
   [Other: 1.2 ms]
      [Choose CSet: 0.0 ms]
      [Ref Proc: 0.8 ms]
      [Ref Enq: 0.0 ms]
      [Redirty Cards: 0.1 ms]
      [Humongous Register: 0.0 ms]
      [Humongous Reclaim: 0.0 ms]
      [Free CSet: 0.0 ms]
   [Eden: 46.0M(46.0M)->0.0B(44.0M) Survivors: 5120.0K->7168.0K Heap: 200.3M(1024.0M)->156.9M(1024.0M)]
 [Times: user=0.05 sys=0.00, real=0.02 secs] 
2019-02-21T00:27:17.476-0100: 787.133: [GC pause (G1 Evacuation Pause) (young), 0.0244790 secs]
   [Parallel Time: 21.2 ms, GC Workers: 4]
      [GC Worker Start (ms): Min: 787135.1, Avg: 787135.2, Max: 787135.3, Diff: 0.2]
      [Ext Root Scanning (ms): Min: 2.8, Avg: 4.1, Max: 7.7, Diff: 4.9, Sum: 16.3]
      [Update RS (ms): Min: 0.0, Avg: 2.6, Max: 3.6, Diff: 3.6, Sum: 10.5]
         [Processed Buffers: Min: 0, Avg: 10.8, Max: 20, Diff: 20, Sum: 43]
      [Scan RS (ms): Min: 0.0, Avg: 0.3, Max: 0.5, Diff: 0.5, Sum: 1.2]
      [Code Root Scanning (ms): Min: 0.0, Avg: 0.0, Max: 0.1, Diff: 0.1, Sum: 0.2]
      [Object Copy (ms): Min: 13.4, Avg: 14.0, Max: 14.2, Diff: 0.8, Sum: 55.8]
      [Termination (ms): Min: 0.0, Avg: 0.0, Max: 0.0, Diff: 0.0, Sum: 0.0]
         [Termination Attempts: Min: 1, Avg: 1.0, Max: 1, Diff: 0, Sum: 4]
      [GC Worker Other (ms): Min: 0.0, Avg: 0.0, Max: 0.1, Diff: 0.0, Sum: 0.2]
      [GC Worker Total (ms): Min: 20.9, Avg: 21.0, Max: 21.1, Diff: 0.2, Sum: 84.2]
      [GC Worker End (ms): Min: 787156.2, Avg: 787156.2, Max: 787156.2, Diff: 0.0]
   [Code Root Fixup: 0.0 ms]
   [Code Root Purge: 0.0 ms]
   [Clear CT: 0.1 ms]
   [Other: 3.1 ms]
      [Choose CSet: 0.0 ms]
      [Ref Proc: 0.2 ms]
      [Ref Enq: 0.0 ms]
      [Redirty Cards: 0.1 ms]
      [Humongous Register: 2.1 ms]
      [Humongous Reclaim: 0.0 ms]
      [Free CSet: 0.1 ms]
   [Eden: 44.0M(44.0M)->0.0B(46.0M) Survivors: 7168.0K->5120.0K Heap: 200.9M(1024.0M)->156.6M(1024.0M)]
 [Times: user=0.04 sys=0.03, real=0.03 secs] 
2019-02-21T00:29:03.232-0100: 892.887: [GC pause (G1 Evacuation Pause) (young), 0.0203839 secs]
   [Parallel Time: 19.1 ms, GC Workers: 4]
      [GC Worker Start (ms): Min: 892887.5, Avg: 892888.5, Max: 892890.0, Diff: 2.4]
      [Ext Root Scanning (ms): Min: 0.0, Avg: 0.5, Max: 1.2, Diff: 1.2, Sum: 2.1]
      [Update RS (ms): Min: 0.7, Avg: 1.6, Max: 2.0, Diff: 1.2, Sum: 6.4]
         [Processed Buffers: Min: 3, Avg: 11.2, Max: 25, Diff: 22, Sum: 45]
      [Scan RS (ms): Min: 1.3, Avg: 1.4, Max: 1.5, Diff: 0.1, Sum: 5.7]
      [Code Root Scanning (ms): Min: 0.0, Avg: 0.0, Max: 0.0, Diff: 0.0, Sum: 0.0]
      [Object Copy (ms): Min: 13.6, Avg: 13.6, Max: 13.7, Diff: 0.1, Sum: 54.5]
      [Termination (ms): Min: 0.0, Avg: 0.1, Max: 0.1, Diff: 0.1, Sum: 0.3]
         [Termination Attempts: Min: 1, Avg: 3.0, Max: 5, Diff: 4, Sum: 12]
      [GC Worker Other (ms): Min: 0.0, Avg: 0.0, Max: 0.0, Diff: 0.0, Sum: 0.1]
      [GC Worker Total (ms): Min: 15.8, Avg: 17.3, Max: 18.2, Diff: 2.4, Sum: 69.1]
      [GC Worker End (ms): Min: 892905.8, Avg: 892905.8, Max: 892905.8, Diff: 0.0]
   [Code Root Fixup: 0.0 ms]
   [Code Root Purge: 0.0 ms]
   [Clear CT: 0.1 ms]
   [Other: 1.2 ms]
      [Choose CSet: 0.0 ms]
      [Ref Proc: 0.8 ms]
      [Ref Enq: 0.0 ms]
      [Redirty Cards: 0.1 ms]
      [Humongous Register: 0.1 ms]
      [Humongous Reclaim: 0.0 ms]
      [Free CSet: 0.0 ms]
   [Eden: 46.0M(46.0M)->0.0B(44.0M) Survivors: 5120.0K->7168.0K Heap: 202.6M(1024.0M)->159.1M(1024.0M)]
 [Times: user=0.05 sys=0.01, real=0.02 secs] 
2019-02-21T00:30:37.694-0100: 987.346: [GC pause (G1 Evacuation Pause) (young), 0.0146260 secs]
   [Parallel Time: 14.0 ms, GC Workers: 4]
      [GC Worker Start (ms): Min: 987346.2, Avg: 987346.8, Max: 987347.5, Diff: 1.4]
      [Ext Root Scanning (ms): Min: 0.0, Avg: 0.5, Max: 1.1, Diff: 1.1, Sum: 2.1]
      [Update RS (ms): Min: 2.0, Avg: 3.0, Max: 5.3, Diff: 3.4, Sum: 11.9]
         [Processed Buffers: Min: 2, Avg: 12.0, Max: 21, Diff: 19, Sum: 48]
      [Scan RS (ms): Min: 0.0, Avg: 0.4, Max: 0.6, Diff: 0.6, Sum: 1.7]
      [Code Root Scanning (ms): Min: 0.0, Avg: 0.0, Max: 0.0, Diff: 0.0, Sum: 0.0]
      [Object Copy (ms): Min: 7.6, Avg: 9.4, Max: 10.0, Diff: 2.5, Sum: 37.5]
      [Termination (ms): Min: 0.0, Avg: 0.0, Max: 0.0, Diff: 0.0, Sum: 0.1]
         [Termination Attempts: Min: 1, Avg: 4.5, Max: 7, Diff: 6, Sum: 18]
      [GC Worker Other (ms): Min: 0.0, Avg: 0.0, Max: 0.0, Diff: 0.0, Sum: 0.1]
      [GC Worker Total (ms): Min: 12.6, Avg: 13.4, Max: 14.0, Diff: 1.4, Sum: 53.5]
      [GC Worker End (ms): Min: 987360.2, Avg: 987360.2, Max: 987360.2, Diff: 0.0]
   [Code Root Fixup: 0.0 ms]
   [Code Root Purge: 0.0 ms]
   [Clear CT: 0.1 ms]
   [Other: 0.5 ms]
      [Choose CSet: 0.0 ms]
      [Ref Proc: 0.1 ms]
      [Ref Enq: 0.0 ms]
      [Redirty Cards: 0.1 ms]
      [Humongous Register: 0.0 ms]
      [Humongous Reclaim: 0.0 ms]
      [Free CSet: 0.0 ms]
   [Eden: 44.0M(44.0M)->0.0B(46.0M) Survivors: 7168.0K->5120.0K Heap: 203.1M(1024.0M)->158.9M(1024.0M)]
 [Times: user=0.05 sys=0.01, real=0.01 secs] 
2019-02-21T00:32:00.679-0100: 1070.330: [GC pause (G1 Evacuation Pause) (young), 0.0189231 secs]
   [Parallel Time: 15.1 ms, GC Workers: 4]
      [GC Worker Start (ms): Min: 1070332.4, Avg: 1070332.5, Max: 1070332.7, Diff: 0.3]
      [Ext Root Scanning (ms): Min: 2.7, Avg: 3.9, Max: 7.2, Diff: 4.5, Sum: 15.5]
      [Update RS (ms): Min: 0.0, Avg: 2.4, Max: 3.3, Diff: 3.3, Sum: 9.8]
         [Processed Buffers: Min: 0, Avg: 12.0, Max: 23, Diff: 23, Sum: 48]
      [Scan RS (ms): Min: 1.1, Avg: 1.9, Max: 2.2, Diff: 1.1, Sum: 7.4]
      [Code Root Scanning (ms): Min: 0.0, Avg: 0.0, Max: 0.0, Diff: 0.0, Sum: 0.1]
      [Object Copy (ms): Min: 6.6, Avg: 6.7, Max: 6.7, Diff: 0.1, Sum: 26.8]
      [Termination (ms): Min: 0.0, Avg: 0.0, Max: 0.0, Diff: 0.0, Sum: 0.0]
         [Termination Attempts: Min: 1, Avg: 1.0, Max: 1, Diff: 0, Sum: 4]
      [GC Worker Other (ms): Min: 0.0, Avg: 0.0, Max: 0.1, Diff: 0.1, Sum: 0.2]
      [GC Worker Total (ms): Min: 14.8, Avg: 14.9, Max: 15.1, Diff: 0.3, Sum: 59.8]
      [GC Worker End (ms): Min: 1070347.4, Avg: 1070347.4, Max: 1070347.4, Diff: 0.0]
   [Code Root Fixup: 0.0 ms]
   [Code Root Purge: 0.0 ms]
   [Clear CT: 0.1 ms]
   [Other: 3.7 ms]
      [Choose CSet: 0.0 ms]
      [Ref Proc: 0.3 ms]
      [Ref Enq: 0.0 ms]
      [Redirty Cards: 0.1 ms]
      [Humongous Register: 2.3 ms]
      [Humongous Reclaim: 0.0 ms]
      [Free CSet: 0.1 ms]
   [Eden: 46.0M(46.0M)->0.0B(46.0M) Survivors: 5120.0K->5120.0K Heap: 204.9M(1024.0M)->158.4M(1024.0M)]
 [Times: user=0.04 sys=0.02, real=0.02 secs] 
2019-02-21T00:33:26.094-0100: 1155.742: [GC pause (G1 Evacuation Pause) (young), 0.0175629 secs]
   [Parallel Time: 16.9 ms, GC Workers: 4]
      [GC Worker Start (ms): Min: 1155742.3, Avg: 1155742.4, Max: 1155742.4, Diff: 0.0]
      [Ext Root Scanning (ms): Min: 0.5, Avg: 0.5, Max: 0.6, Diff: 0.1, Sum: 2.1]
      [Update RS (ms): Min: 1.4, Avg: 1.5, Max: 1.6, Diff: 0.2, Sum: 6.2]
         [Processed Buffers: Min: 3, Avg: 10.2, Max: 17, Diff: 14, Sum: 41]
      [Scan RS (ms): Min: 1.0, Avg: 1.1, Max: 1.3, Diff: 0.2, Sum: 4.5]
      [Code Root Scanning (ms): Min: 0.0, Avg: 0.0, Max: 0.0, Diff: 0.0, Sum: 0.1]
      [Object Copy (ms): Min: 13.0, Avg: 13.2, Max: 13.5, Diff: 0.5, Sum: 52.7]
      [Termination (ms): Min: 0.0, Avg: 0.4, Max: 0.6, Diff: 0.6, Sum: 1.5]
         [Termination Attempts: Min: 1, Avg: 1.5, Max: 2, Diff: 1, Sum: 6]
      [GC Worker Other (ms): Min: 0.0, Avg: 0.0, Max: 0.0, Diff: 0.0, Sum: 0.0]
      [GC Worker Total (ms): Min: 16.8, Avg: 16.8, Max: 16.8, Diff: 0.1, Sum: 67.1]
      [GC Worker End (ms): Min: 1155759.1, Avg: 1155759.2, Max: 1155759.2, Diff: 0.1]
   [Code Root Fixup: 0.0 ms]
   [Code Root Purge: 0.0 ms]
   [Clear CT: 0.1 ms]
   [Other: 0.6 ms]
      [Choose CSet: 0.0 ms]
      [Ref Proc: 0.2 ms]
      [Ref Enq: 0.0 ms]
      [Redirty Cards: 0.1 ms]
      [Humongous Register: 0.0 ms]
      [Humongous Reclaim: 0.0 ms]
      [Free CSet: 0.0 ms]
   [Eden: 46.0M(46.0M)->0.0B(44.0M) Survivors: 5120.0K->7168.0K Heap: 204.4M(1024.0M)->161.1M(1024.0M)]
 [Times: user=0.05 sys=0.01, real=0.02 secs] 
2019-02-21T00:34:45.310-0100: 1234.956: [GC pause (G1 Evacuation Pause) (young), 0.0267498 secs]
   [Parallel Time: 25.3 ms, GC Workers: 4]
      [GC Worker Start (ms): Min: 1234956.3, Avg: 1234956.6, Max: 1234957.6, Diff: 1.3]
      [Ext Root Scanning (ms): Min: 0.3, Avg: 1.2, Max: 1.7, Diff: 1.4, Sum: 4.7]
      [Update RS (ms): Min: 2.4, Avg: 4.2, Max: 7.4, Diff: 5.0, Sum: 17.0]
         [Processed Buffers: Min: 2, Avg: 12.2, Max: 21, Diff: 19, Sum: 49]
      [Scan RS (ms): Min: 0.0, Avg: 1.2, Max: 2.4, Diff: 2.4, Sum: 4.8]
      [Code Root Scanning (ms): Min: 0.0, Avg: 0.0, Max: 0.1, Diff: 0.1, Sum: 0.1]
      [Object Copy (ms): Min: 16.2, Avg: 18.0, Max: 18.8, Diff: 2.6, Sum: 72.1]
      [Termination (ms): Min: 0.0, Avg: 0.2, Max: 0.3, Diff: 0.3, Sum: 0.8]
         [Termination Attempts: Min: 1, Avg: 1.0, Max: 1, Diff: 0, Sum: 4]
      [GC Worker Other (ms): Min: 0.0, Avg: 0.0, Max: 0.0, Diff: 0.0, Sum: 0.1]
      [GC Worker Total (ms): Min: 23.9, Avg: 24.9, Max: 25.3, Diff: 1.3, Sum: 99.5]
      [GC Worker End (ms): Min: 1234981.5, Avg: 1234981.5, Max: 1234981.6, Diff: 0.1]
   [Code Root Fixup: 0.0 ms]
   [Code Root Purge: 0.0 ms]
   [Clear CT: 0.1 ms]
   [Other: 1.3 ms]
      [Choose CSet: 0.0 ms]
      [Ref Proc: 0.8 ms]
      [Ref Enq: 0.0 ms]
      [Redirty Cards: 0.1 ms]
      [Humongous Register: 0.1 ms]
      [Humongous Reclaim: 0.0 ms]
      [Free CSet: 0.0 ms]
   [Eden: 44.0M(44.0M)->0.0B(46.0M) Survivors: 7168.0K->5120.0K Heap: 205.1M(1024.0M)->161.9M(1024.0M)]
 [Times: user=0.06 sys=0.00, real=0.02 secs] 
2019-02-21T00:36:11.309-0100: 1320.953: [GC pause (G1 Evacuation Pause) (young), 0.0125061 secs]
   [Parallel Time: 11.6 ms, GC Workers: 4]
      [GC Worker Start (ms): Min: 1320953.8, Avg: 1320953.9, Max: 1320954.0, Diff: 0.1]
      [Ext Root Scanning (ms): Min: 1.1, Avg: 1.4, Max: 2.1, Diff: 1.0, Sum: 5.5]
      [Update RS (ms): Min: 2.1, Avg: 2.6, Max: 2.8, Diff: 0.7, Sum: 10.3]
         [Processed Buffers: Min: 5, Avg: 11.0, Max: 16, Diff: 11, Sum: 44]
      [Scan RS (ms): Min: 1.6, Avg: 1.7, Max: 1.8, Diff: 0.1, Sum: 6.9]
      [Code Root Scanning (ms): Min: 0.0, Avg: 0.0, Max: 0.1, Diff: 0.1, Sum: 0.1]
      [Object Copy (ms): Min: 5.6, Avg: 5.8, Max: 5.8, Diff: 0.2, Sum: 23.1]
      [Termination (ms): Min: 0.0, Avg: 0.0, Max: 0.0, Diff: 0.0, Sum: 0.0]
         [Termination Attempts: Min: 1, Avg: 1.0, Max: 1, Diff: 0, Sum: 4]
      [GC Worker Other (ms): Min: 0.0, Avg: 0.0, Max: 0.0, Diff: 0.0, Sum: 0.1]
      [GC Worker Total (ms): Min: 11.4, Avg: 11.5, Max: 11.6, Diff: 0.1, Sum: 46.0]
      [GC Worker End (ms): Min: 1320965.4, Avg: 1320965.4, Max: 1320965.4, Diff: 0.0]
   [Code Root Fixup: 0.0 ms]
   [Code Root Purge: 0.0 ms]
   [Clear CT: 0.1 ms]
   [Other: 0.8 ms]
      [Choose CSet: 0.0 ms]
      [Ref Proc: 0.1 ms]
      [Ref Enq: 0.0 ms]
      [Redirty Cards: 0.1 ms]
      [Humongous Register: 0.2 ms]
      [Humongous Reclaim: 0.0 ms]
      [Free CSet: 0.0 ms]
   [Eden: 46.0M(46.0M)->0.0B(46.0M) Survivors: 5120.0K->5120.0K Heap: 207.9M(1024.0M)->161.4M(1024.0M)]
 [Times: user=0.05 sys=0.01, real=0.02 secs] 
2019-02-21T00:37:36.349-0100: 1405.991: [GC pause (G1 Evacuation Pause) (young), 0.0157214 secs]
   [Parallel Time: 14.5 ms, GC Workers: 4]
      [GC Worker Start (ms): Min: 1405991.5, Avg: 1405991.7, Max: 1405992.0, Diff: 0.5]
      [Ext Root Scanning (ms): Min: 0.3, Avg: 0.6, Max: 0.8, Diff: 0.5, Sum: 2.6]
      [Update RS (ms): Min: 1.2, Avg: 1.3, Max: 1.4, Diff: 0.2, Sum: 5.1]
         [Processed Buffers: Min: 3, Avg: 10.2, Max: 26, Diff: 23, Sum: 41]
      [Scan RS (ms): Min: 1.3, Avg: 1.4, Max: 1.6, Diff: 0.3, Sum: 5.6]
      [Code Root Scanning (ms): Min: 0.0, Avg: 0.0, Max: 0.1, Diff: 0.1, Sum: 0.1]
      [Object Copy (ms): Min: 10.8, Avg: 10.8, Max: 10.9, Diff: 0.1, Sum: 43.4]
      [Termination (ms): Min: 0.0, Avg: 0.1, Max: 0.1, Diff: 0.1, Sum: 0.3]
         [Termination Attempts: Min: 1, Avg: 1.0, Max: 1, Diff: 0, Sum: 4]
      [GC Worker Other (ms): Min: 0.0, Avg: 0.0, Max: 0.0, Diff: 0.0, Sum: 0.1]
      [GC Worker Total (ms): Min: 13.9, Avg: 14.3, Max: 14.4, Diff: 0.5, Sum: 57.1]
      [GC Worker End (ms): Min: 1406005.9, Avg: 1406006.0, Max: 1406006.0, Diff: 0.1]
   [Code Root Fixup: 0.0 ms]
   [Code Root Purge: 0.0 ms]
   [Clear CT: 0.1 ms]
   [Other: 1.1 ms]
      [Choose CSet: 0.0 ms]
      [Ref Proc: 0.8 ms]
      [Ref Enq: 0.0 ms]
      [Redirty Cards: 0.1 ms]
      [Humongous Register: 0.0 ms]
      [Humongous Reclaim: 0.0 ms]
      [Free CSet: 0.0 ms]
   [Eden: 46.0M(46.0M)->0.0B(50.0M) Survivors: 5120.0K->7168.0K Heap: 207.4M(1024.0M)->164.4M(1024.0M)]
 [Times: user=0.05 sys=0.01, real=0.02 secs] 
2019-02-21T00:39:19.615-0100: 1509.255: [GC pause (G1 Evacuation Pause) (young), 0.0269082 secs]
   [Parallel Time: 22.6 ms, GC Workers: 4]
      [GC Worker Start (ms): Min: 1509258.1, Avg: 1509258.2, Max: 1509258.3, Diff: 0.2]
      [Ext Root Scanning (ms): Min: 2.4, Avg: 3.4, Max: 6.1, Diff: 3.7, Sum: 13.6]
      [Update RS (ms): Min: 0.0, Avg: 1.9, Max: 2.6, Diff: 2.6, Sum: 7.6]
         [Processed Buffers: Min: 0, Avg: 11.0, Max: 25, Diff: 25, Sum: 44]
      [Scan RS (ms): Min: 0.7, Avg: 1.2, Max: 1.5, Diff: 0.8, Sum: 4.8]
      [Code Root Scanning (ms): Min: 0.0, Avg: 0.1, Max: 0.2, Diff: 0.2, Sum: 0.3]
      [Object Copy (ms): Min: 15.7, Avg: 15.8, Max: 15.9, Diff: 0.2, Sum: 63.2]
      [Termination (ms): Min: 0.0, Avg: 0.0, Max: 0.1, Diff: 0.1, Sum: 0.1]
         [Termination Attempts: Min: 1, Avg: 1.2, Max: 2, Diff: 1, Sum: 5]
      [GC Worker Other (ms): Min: 0.0, Avg: 0.0, Max: 0.0, Diff: 0.0, Sum: 0.2]
      [GC Worker Total (ms): Min: 22.3, Avg: 22.5, Max: 22.5, Diff: 0.2, Sum: 89.8]
      [GC Worker End (ms): Min: 1509280.7, Avg: 1509280.7, Max: 1509280.7, Diff: 0.0]
   [Code Root Fixup: 0.0 ms]
   [Code Root Purge: 0.0 ms]
   [Clear CT: 0.1 ms]
   [Other: 4.2 ms]
      [Choose CSet: 0.0 ms]
      [Ref Proc: 0.1 ms]
      [Ref Enq: 0.0 ms]
      [Redirty Cards: 0.1 ms]
      [Humongous Register: 3.2 ms]
      [Humongous Reclaim: 0.0 ms]
      [Free CSet: 0.2 ms]
   [Eden: 50.0M(50.0M)->0.0B(45.0M) Survivors: 7168.0K->6144.0K Heap: 214.4M(1024.0M)->166.4M(1024.0M)]
 [Times: user=0.06 sys=0.03, real=0.03 secs] 
2019-02-21T00:41:03.780-0100: 1613.417: [GC pause (G1 Evacuation Pause) (young), 0.0123269 secs]
   [Parallel Time: 11.3 ms, GC Workers: 4]
      [GC Worker Start (ms): Min: 1613417.3, Avg: 1613417.4, Max: 1613417.4, Diff: 0.1]
      [Ext Root Scanning (ms): Min: 0.7, Avg: 0.7, Max: 0.8, Diff: 0.1, Sum: 3.0]
      [Update RS (ms): Min: 2.0, Avg: 2.1, Max: 2.1, Diff: 0.1, Sum: 8.2]
         [Processed Buffers: Min: 3, Avg: 11.0, Max: 28, Diff: 25, Sum: 44]
      [Scan RS (ms): Min: 1.9, Avg: 2.0, Max: 2.0, Diff: 0.1, Sum: 7.8]
      [Code Root Scanning (ms): Min: 0.0, Avg: 0.0, Max: 0.1, Diff: 0.1, Sum: 0.1]
      [Object Copy (ms): Min: 6.3, Avg: 6.4, Max: 6.4, Diff: 0.1, Sum: 25.5]
      [Termination (ms): Min: 0.0, Avg: 0.0, Max: 0.0, Diff: 0.0, Sum: 0.0]
         [Termination Attempts: Min: 1, Avg: 1.0, Max: 1, Diff: 0, Sum: 4]
      [GC Worker Other (ms): Min: 0.0, Avg: 0.0, Max: 0.0, Diff: 0.0, Sum: 0.1]
      [GC Worker Total (ms): Min: 11.1, Avg: 11.2, Max: 11.2, Diff: 0.1, Sum: 44.7]
      [GC Worker End (ms): Min: 1613428.5, Avg: 1613428.5, Max: 1613428.5, Diff: 0.0]
   [Code Root Fixup: 0.0 ms]
   [Code Root Purge: 0.0 ms]
   [Clear CT: 0.2 ms]
   [Other: 0.8 ms]
      [Choose CSet: 0.0 ms]
      [Ref Proc: 0.4 ms]
      [Ref Enq: 0.0 ms]
      [Redirty Cards: 0.1 ms]
      [Humongous Register: 0.0 ms]
      [Humongous Reclaim: 0.0 ms]
      [Free CSet: 0.0 ms]
   [Eden: 45.0M(45.0M)->0.0B(67.0M) Survivors: 6144.0K->5120.0K Heap: 211.4M(1024.0M)->167.0M(1024.0M)]
 [Times: user=0.05 sys=0.00, real=0.01 secs] 
2019-02-21T00:43:39.846-0100: 1769.480: [GC pause (G1 Evacuation Pause) (young), 0.0132514 secs]
   [Parallel Time: 12.6 ms, GC Workers: 4]
      [GC Worker Start (ms): Min: 1769479.7, Avg: 1769479.7, Max: 1769479.8, Diff: 0.0]
      [Ext Root Scanning (ms): Min: 0.6, Avg: 0.6, Max: 0.7, Diff: 0.1, Sum: 2.6]
      [Update RS (ms): Min: 2.4, Avg: 2.5, Max: 2.6, Diff: 0.1, Sum: 10.0]
         [Processed Buffers: Min: 6, Avg: 11.2, Max: 25, Diff: 19, Sum: 45]
      [Scan RS (ms): Min: 1.2, Avg: 1.2, Max: 1.3, Diff: 0.2, Sum: 5.0]
      [Code Root Scanning (ms): Min: 0.0, Avg: 0.0, Max: 0.0, Diff: 0.0, Sum: 0.0]
      [Object Copy (ms): Min: 7.4, Avg: 7.6, Max: 8.0, Diff: 0.6, Sum: 30.4]
      [Termination (ms): Min: 0.0, Avg: 0.5, Max: 0.7, Diff: 0.7, Sum: 2.1]
         [Termination Attempts: Min: 1, Avg: 1.0, Max: 1, Diff: 0, Sum: 4]
      [GC Worker Other (ms): Min: 0.0, Avg: 0.0, Max: 0.0, Diff: 0.0, Sum: 0.1]
      [GC Worker Total (ms): Min: 12.5, Avg: 12.5, Max: 12.5, Diff: 0.0, Sum: 50.1]
      [GC Worker End (ms): Min: 1769492.3, Avg: 1769492.3, Max: 1769492.3, Diff: 0.0]
   [Code Root Fixup: 0.0 ms]
   [Code Root Purge: 0.0 ms]
   [Clear CT: 0.1 ms]
   [Other: 0.6 ms]
      [Choose CSet: 0.0 ms]
      [Ref Proc: 0.2 ms]
      [Ref Enq: 0.0 ms]
      [Redirty Cards: 0.1 ms]
      [Humongous Register: 0.0 ms]
      [Humongous Reclaim: 0.0 ms]
      [Free CSet: 0.0 ms]
   [Eden: 67.0M(67.0M)->0.0B(108.0M) Survivors: 5120.0K->5120.0K Heap: 234.0M(1024.0M)->167.0M(1024.0M)]
 [Times: user=0.05 sys=0.00, real=0.02 secs] 
2019-02-21T00:47:49.913-0100: 2019.542: [GC pause (G1 Evacuation Pause) (young), 0.0255113 secs]
   [Parallel Time: 23.8 ms, GC Workers: 4]
      [GC Worker Start (ms): Min: 2019541.8, Avg: 2019542.0, Max: 2019542.6, Diff: 0.7]
      [Ext Root Scanning (ms): Min: 0.4, Avg: 0.5, Max: 0.7, Diff: 0.3, Sum: 2.1]
      [Update RS (ms): Min: 1.9, Avg: 2.3, Max: 3.2, Diff: 1.3, Sum: 9.3]
         [Processed Buffers: Min: 2, Avg: 12.0, Max: 26, Diff: 24, Sum: 48]
      [Scan RS (ms): Min: 0.1, Avg: 1.5, Max: 2.3, Diff: 2.2, Sum: 5.9]
      [Code Root Scanning (ms): Min: 0.0, Avg: 0.0, Max: 0.0, Diff: 0.0, Sum: 0.0]
      [Object Copy (ms): Min: 17.8, Avg: 18.3, Max: 18.9, Diff: 1.1, Sum: 73.2]
      [Termination (ms): Min: 0.0, Avg: 0.8, Max: 1.1, Diff: 1.1, Sum: 3.2]
         [Termination Attempts: Min: 1, Avg: 1.0, Max: 1, Diff: 0, Sum: 4]
      [GC Worker Other (ms): Min: 0.0, Avg: 0.0, Max: 0.0, Diff: 0.0, Sum: 0.1]
      [GC Worker Total (ms): Min: 22.6, Avg: 23.4, Max: 23.8, Diff: 1.2, Sum: 93.8]
      [GC Worker End (ms): Min: 2019565.2, Avg: 2019565.5, Max: 2019565.6, Diff: 0.4]
   [Code Root Fixup: 0.0 ms]
   [Code Root Purge: 0.0 ms]
   [Clear CT: 0.1 ms]
   [Other: 1.6 ms]
      [Choose CSet: 0.0 ms]
      [Ref Proc: 0.9 ms]
      [Ref Enq: 0.0 ms]
      [Redirty Cards: 0.1 ms]
      [Humongous Register: 0.1 ms]
      [Humongous Reclaim: 0.0 ms]
      [Free CSet: 0.2 ms]
   [Eden: 108.0M(108.0M)->0.0B(59.0M) Survivors: 5120.0K->9216.0K Heap: 275.0M(1024.0M)->171.0M(1024.0M)]
 [Times: user=0.06 sys=0.01, real=0.03 secs] 
2019-02-21T00:49:22.142-0100: 2111.785: [GC pause (G1 Evacuation Pause) (young), 0.0397316 secs]
   [Parallel Time: 34.8 ms, GC Workers: 4]
      [GC Worker Start (ms): Min: 2111788.7, Avg: 2111788.8, Max: 2111788.9, Diff: 0.2]
      [Ext Root Scanning (ms): Min: 3.9, Avg: 5.2, Max: 8.1, Diff: 4.2, Sum: 20.8]
      [Update RS (ms): Min: 0.5, Avg: 3.0, Max: 3.9, Diff: 3.4, Sum: 11.9]
         [Processed Buffers: Min: 2, Avg: 11.2, Max: 25, Diff: 23, Sum: 45]
      [Scan RS (ms): Min: 1.0, Avg: 1.2, Max: 1.3, Diff: 0.2, Sum: 4.6]
      [Code Root Scanning (ms): Min: 0.0, Avg: 0.0, Max: 0.0, Diff: 0.0, Sum: 0.0]
      [Object Copy (ms): Min: 24.3, Avg: 24.7, Max: 25.2, Diff: 0.8, Sum: 98.9]
      [Termination (ms): Min: 0.0, Avg: 0.5, Max: 0.7, Diff: 0.7, Sum: 2.1]
         [Termination Attempts: Min: 1, Avg: 1.5, Max: 2, Diff: 1, Sum: 6]
      [GC Worker Other (ms): Min: 0.0, Avg: 0.0, Max: 0.0, Diff: 0.0, Sum: 0.1]
      [GC Worker Total (ms): Min: 34.5, Avg: 34.6, Max: 34.7, Diff: 0.2, Sum: 138.5]
      [GC Worker End (ms): Min: 2111823.4, Avg: 2111823.4, Max: 2111823.4, Diff: 0.0]
   [Code Root Fixup: 0.0 ms]
   [Code Root Purge: 0.0 ms]
   [Clear CT: 0.1 ms]
   [Other: 4.8 ms]
      [Choose CSet: 0.0 ms]
      [Ref Proc: 1.0 ms]
      [Ref Enq: 0.0 ms]
      [Redirty Cards: 0.1 ms]
      [Humongous Register: 3.1 ms]
      [Humongous Reclaim: 0.0 ms]
      [Free CSet: 0.1 ms]
   [Eden: 42.0M(42.0M)->0.0B(48.0M) Survivors: 9216.0K->3072.0K Heap: 213.0M(1024.0M)->170.6M(1024.0M)]
 [Times: user=0.06 sys=0.03, real=0.04 secs] 
2019-02-21T00:49:50.871-0100: 2140.514: [GC pause (G1 Evacuation Pause) (young), 0.0229926 secs]
   [Parallel Time: 21.2 ms, GC Workers: 4]
      [GC Worker Start (ms): Min: 2140514.0, Avg: 2140514.1, Max: 2140514.1, Diff: 0.1]
      [Ext Root Scanning (ms): Min: 1.3, Avg: 1.5, Max: 2.0, Diff: 0.7, Sum: 6.1]
      [Update RS (ms): Min: 3.1, Avg: 3.8, Max: 4.6, Diff: 1.5, Sum: 15.1]
         [Processed Buffers: Min: 1, Avg: 9.8, Max: 17, Diff: 16, Sum: 39]
      [Scan RS (ms): Min: 1.5, Avg: 2.1, Max: 2.6, Diff: 1.1, Sum: 8.4]
      [Code Root Scanning (ms): Min: 0.0, Avg: 0.0, Max: 0.1, Diff: 0.1, Sum: 0.2]
      [Object Copy (ms): Min: 12.8, Avg: 13.2, Max: 13.8, Diff: 1.0, Sum: 52.8]
      [Termination (ms): Min: 0.0, Avg: 0.5, Max: 0.7, Diff: 0.7, Sum: 2.0]
         [Termination Attempts: Min: 1, Avg: 2.0, Max: 4, Diff: 3, Sum: 8]
      [GC Worker Other (ms): Min: 0.0, Avg: 0.0, Max: 0.0, Diff: 0.0, Sum: 0.1]
      [GC Worker Total (ms): Min: 21.1, Avg: 21.1, Max: 21.2, Diff: 0.1, Sum: 84.6]
      [GC Worker End (ms): Min: 2140535.2, Avg: 2140535.2, Max: 2140535.2, Diff: 0.0]
   [Code Root Fixup: 0.0 ms]
   [Code Root Purge: 0.1 ms]
   [Clear CT: 0.1 ms]
   [Other: 1.6 ms]
      [Choose CSet: 0.0 ms]
      [Ref Proc: 1.2 ms]
      [Ref Enq: 0.0 ms]
      [Redirty Cards: 0.1 ms]
      [Humongous Register: 0.1 ms]
      [Humongous Reclaim: 0.0 ms]
      [Free CSet: 0.1 ms]
   [Eden: 48.0M(48.0M)->0.0B(46.0M) Survivors: 3072.0K->5120.0K Heap: 218.6M(1024.0M)->172.6M(1024.0M)]
 [Times: user=0.04 sys=0.02, real=0.02 secs] 
2019-02-21T00:50:22.911-0100: 2172.553: [GC pause (G1 Evacuation Pause) (young), 0.0158173 secs]
   [Parallel Time: 14.7 ms, GC Workers: 4]
      [GC Worker Start (ms): Min: 2172553.0, Avg: 2172553.0, Max: 2172553.0, Diff: 0.0]
      [Ext Root Scanning (ms): Min: 0.6, Avg: 0.6, Max: 0.8, Diff: 0.2, Sum: 2.5]
      [Update RS (ms): Min: 1.0, Avg: 1.1, Max: 1.3, Diff: 0.3, Sum: 4.5]
         [Processed Buffers: Min: 3, Avg: 9.8, Max: 18, Diff: 15, Sum: 39]
      [Scan RS (ms): Min: 1.2, Avg: 1.4, Max: 1.5, Diff: 0.3, Sum: 5.5]
      [Code Root Scanning (ms): Min: 0.0, Avg: 0.1, Max: 0.2, Diff: 0.2, Sum: 0.2]
      [Object Copy (ms): Min: 11.2, Avg: 11.3, Max: 11.4, Diff: 0.2, Sum: 45.2]
      [Termination (ms): Min: 0.0, Avg: 0.1, Max: 0.1, Diff: 0.1, Sum: 0.3]
         [Termination Attempts: Min: 1, Avg: 1.0, Max: 1, Diff: 0, Sum: 4]
      [GC Worker Other (ms): Min: 0.0, Avg: 0.0, Max: 0.0, Diff: 0.0, Sum: 0.1]
      [GC Worker Total (ms): Min: 14.6, Avg: 14.6, Max: 14.6, Diff: 0.1, Sum: 58.4]
      [GC Worker End (ms): Min: 2172567.6, Avg: 2172567.6, Max: 2172567.6, Diff: 0.0]
   [Code Root Fixup: 0.0 ms]
   [Code Root Purge: 0.0 ms]
   [Clear CT: 0.1 ms]
   [Other: 1.1 ms]
      [Choose CSet: 0.0 ms]
      [Ref Proc: 0.7 ms]
      [Ref Enq: 0.0 ms]
      [Redirty Cards: 0.1 ms]
      [Humongous Register: 0.0 ms]
      [Humongous Reclaim: 0.0 ms]
      [Free CSet: 0.0 ms]
   [Eden: 46.0M(46.0M)->0.0B(44.0M) Survivors: 5120.0K->7168.0K Heap: 218.6M(1024.0M)->175.1M(1024.0M)]
 [Times: user=0.05 sys=0.00, real=0.01 secs] 
2019-02-21T00:50:53.446-0100: 2203.088: [GC pause (G1 Evacuation Pause) (young), 0.0124072 secs]
   [Parallel Time: 11.7 ms, GC Workers: 4]
      [GC Worker Start (ms): Min: 2203088.2, Avg: 2203088.2, Max: 2203088.2, Diff: 0.0]
      [Ext Root Scanning (ms): Min: 0.7, Avg: 0.8, Max: 0.9, Diff: 0.2, Sum: 3.1]
      [Update RS (ms): Min: 1.0, Avg: 1.1, Max: 1.2, Diff: 0.2, Sum: 4.4]
         [Processed Buffers: Min: 3, Avg: 9.5, Max: 18, Diff: 15, Sum: 38]
      [Scan RS (ms): Min: 1.5, Avg: 1.6, Max: 1.8, Diff: 0.2, Sum: 6.6]
      [Code Root Scanning (ms): Min: 0.0, Avg: 0.1, Max: 0.2, Diff: 0.2, Sum: 0.3]
      [Object Copy (ms): Min: 7.9, Avg: 8.0, Max: 8.1, Diff: 0.1, Sum: 32.0]
      [Termination (ms): Min: 0.0, Avg: 0.0, Max: 0.0, Diff: 0.0, Sum: 0.1]
         [Termination Attempts: Min: 2, Avg: 2.8, Max: 3, Diff: 1, Sum: 11]
      [GC Worker Other (ms): Min: 0.0, Avg: 0.0, Max: 0.0, Diff: 0.0, Sum: 0.1]
      [GC Worker Total (ms): Min: 11.6, Avg: 11.6, Max: 11.6, Diff: 0.0, Sum: 46.5]
      [GC Worker End (ms): Min: 2203099.8, Avg: 2203099.8, Max: 2203099.9, Diff: 0.0]
   [Code Root Fixup: 0.0 ms]
   [Code Root Purge: 0.0 ms]
   [Clear CT: 0.1 ms]
   [Other: 0.6 ms]
      [Choose CSet: 0.0 ms]
      [Ref Proc: 0.1 ms]
      [Ref Enq: 0.0 ms]
      [Redirty Cards: 0.1 ms]
      [Humongous Register: 0.2 ms]
      [Humongous Reclaim: 0.0 ms]
      [Free CSet: 0.1 ms]
   [Eden: 44.0M(44.0M)->0.0B(46.0M) Survivors: 7168.0K->5120.0K Heap: 219.1M(1024.0M)->174.4M(1024.0M)]
 [Times: user=0.05 sys=0.00, real=0.02 secs] 
2019-02-21T00:51:25.683-0100: 2235.324: [GC pause (G1 Evacuation Pause) (young), 0.0133097 secs]
   [Parallel Time: 12.8 ms, GC Workers: 4]
      [GC Worker Start (ms): Min: 2235324.4, Avg: 2235324.4, Max: 2235324.4, Diff: 0.0]
      [Ext Root Scanning (ms): Min: 0.5, Avg: 0.6, Max: 0.6, Diff: 0.1, Sum: 2.3]
      [Update RS (ms): Min: 1.5, Avg: 1.5, Max: 1.6, Diff: 0.1, Sum: 6.2]
         [Processed Buffers: Min: 2, Avg: 10.5, Max: 22, Diff: 20, Sum: 42]
      [Scan RS (ms): Min: 1.8, Avg: 1.9, Max: 2.0, Diff: 0.2, Sum: 7.5]
      [Code Root Scanning (ms): Min: 0.0, Avg: 0.0, Max: 0.0, Diff: 0.0, Sum: 0.0]
      [Object Copy (ms): Min: 8.6, Avg: 8.7, Max: 8.7, Diff: 0.1, Sum: 34.7]
      [Termination (ms): Min: 0.0, Avg: 0.0, Max: 0.0, Diff: 0.0, Sum: 0.1]
         [Termination Attempts: Min: 3, Avg: 4.2, Max: 6, Diff: 3, Sum: 17]
      [GC Worker Other (ms): Min: 0.0, Avg: 0.0, Max: 0.0, Diff: 0.0, Sum: 0.1]
      [GC Worker Total (ms): Min: 12.7, Avg: 12.7, Max: 12.7, Diff: 0.0, Sum: 50.8]
      [GC Worker End (ms): Min: 2235337.1, Avg: 2235337.1, Max: 2235337.1, Diff: 0.0]
   [Code Root Fixup: 0.0 ms]
   [Code Root Purge: 0.0 ms]
   [Clear CT: 0.1 ms]
   [Other: 0.5 ms]
      [Choose CSet: 0.0 ms]
      [Ref Proc: 0.1 ms]
      [Ref Enq: 0.0 ms]
      [Redirty Cards: 0.1 ms]
      [Humongous Register: 0.0 ms]
      [Humongous Reclaim: 0.0 ms]
      [Free CSet: 0.0 ms]
   [Eden: 46.0M(46.0M)->0.0B(54.0M) Survivors: 5120.0K->7168.0K Heap: 220.4M(1024.0M)->176.4M(1024.0M)]
 [Times: user=0.04 sys=0.00, real=0.01 secs] 
2019-02-21T00:52:03.198-0100: 2272.839: [GC pause (G1 Evacuation Pause) (young), 0.0144103 secs]
   [Parallel Time: 13.9 ms, GC Workers: 4]
      [GC Worker Start (ms): Min: 2272839.0, Avg: 2272839.0, Max: 2272839.0, Diff: 0.0]
      [Ext Root Scanning (ms): Min: 0.5, Avg: 0.6, Max: 0.7, Diff: 0.1, Sum: 2.4]
      [Update RS (ms): Min: 1.6, Avg: 1.7, Max: 1.8, Diff: 0.1, Sum: 6.7]
         [Processed Buffers: Min: 2, Avg: 10.2, Max: 22, Diff: 20, Sum: 41]
      [Scan RS (ms): Min: 1.0, Avg: 1.1, Max: 1.1, Diff: 0.1, Sum: 4.3]
      [Code Root Scanning (ms): Min: 0.0, Avg: 0.0, Max: 0.1, Diff: 0.1, Sum: 0.2]
      [Object Copy (ms): Min: 10.3, Avg: 10.4, Max: 10.4, Diff: 0.1, Sum: 41.4]
      [Termination (ms): Min: 0.0, Avg: 0.0, Max: 0.1, Diff: 0.1, Sum: 0.2]
         [Termination Attempts: Min: 1, Avg: 2.5, Max: 5, Diff: 4, Sum: 10]
      [GC Worker Other (ms): Min: 0.0, Avg: 0.0, Max: 0.0, Diff: 0.0, Sum: 0.1]
      [GC Worker Total (ms): Min: 13.8, Avg: 13.8, Max: 13.8, Diff: 0.1, Sum: 55.1]
      [GC Worker End (ms): Min: 2272852.8, Avg: 2272852.8, Max: 2272852.8, Diff: 0.0]
   [Code Root Fixup: 0.0 ms]
   [Code Root Purge: 0.0 ms]
   [Clear CT: 0.1 ms]
   [Other: 0.4 ms]
      [Choose CSet: 0.0 ms]
      [Ref Proc: 0.1 ms]
      [Ref Enq: 0.0 ms]
      [Redirty Cards: 0.1 ms]
      [Humongous Register: 0.0 ms]
      [Humongous Reclaim: 0.0 ms]
      [Free CSet: 0.1 ms]
   [Eden: 54.0M(54.0M)->0.0B(85.0M) Survivors: 7168.0K->5120.0K Heap: 230.4M(1024.0M)->176.1M(1024.0M)]
 [Times: user=0.05 sys=0.01, real=0.02 secs] 
2019-02-21T00:52:41.713-0100: 2311.353: [GC pause (G1 Evacuation Pause) (young), 0.0161229 secs]
   [Parallel Time: 14.9 ms, GC Workers: 4]
      [GC Worker Start (ms): Min: 2311352.9, Avg: 2311352.9, Max: 2311352.9, Diff: 0.0]
      [Ext Root Scanning (ms): Min: 0.6, Avg: 0.6, Max: 0.7, Diff: 0.1, Sum: 2.4]
      [Update RS (ms): Min: 2.1, Avg: 2.2, Max: 2.5, Diff: 0.4, Sum: 8.9]
         [Processed Buffers: Min: 5, Avg: 11.5, Max: 23, Diff: 18, Sum: 46]
      [Scan RS (ms): Min: 1.3, Avg: 1.5, Max: 1.6, Diff: 0.4, Sum: 6.1]
      [Code Root Scanning (ms): Min: 0.0, Avg: 0.0, Max: 0.1, Diff: 0.1, Sum: 0.1]
      [Object Copy (ms): Min: 10.4, Avg: 10.4, Max: 10.4, Diff: 0.1, Sum: 41.6]
      [Termination (ms): Min: 0.0, Avg: 0.0, Max: 0.0, Diff: 0.0, Sum: 0.1]
         [Termination Attempts: Min: 4, Avg: 7.0, Max: 10, Diff: 6, Sum: 28]
      [GC Worker Other (ms): Min: 0.0, Avg: 0.0, Max: 0.0, Diff: 0.0, Sum: 0.1]
      [GC Worker Total (ms): Min: 14.8, Avg: 14.8, Max: 14.8, Diff: 0.0, Sum: 59.4]
      [GC Worker End (ms): Min: 2311367.7, Avg: 2311367.8, Max: 2311367.8, Diff: 0.0]
   [Code Root Fixup: 0.0 ms]
   [Code Root Purge: 0.0 ms]
   [Clear CT: 0.1 ms]
   [Other: 1.2 ms]
      [Choose CSet: 0.0 ms]
      [Ref Proc: 0.7 ms]
      [Ref Enq: 0.0 ms]
      [Redirty Cards: 0.1 ms]
      [Humongous Register: 0.0 ms]
      [Humongous Reclaim: 0.0 ms]
      [Free CSet: 0.1 ms]
   [Eden: 55.0M(55.0M)->0.0B(79.0M) Survivors: 5120.0K->7168.0K Heap: 231.1M(1024.0M)->178.6M(1024.0M)]
 [Times: user=0.06 sys=0.01, real=0.02 secs] 
2019-02-21T00:53:18.856-0100: 2348.496: [GC pause (G1 Evacuation Pause) (young), 0.0136365 secs]
   [Parallel Time: 13.1 ms, GC Workers: 4]
      [GC Worker Start (ms): Min: 2348496.0, Avg: 2348496.1, Max: 2348496.1, Diff: 0.1]
      [Ext Root Scanning (ms): Min: 0.7, Avg: 0.8, Max: 0.9, Diff: 0.1, Sum: 3.0]
      [Update RS (ms): Min: 1.6, Avg: 1.7, Max: 1.9, Diff: 0.3, Sum: 6.9]
         [Processed Buffers: Min: 3, Avg: 10.8, Max: 18, Diff: 15, Sum: 43]
      [Scan RS (ms): Min: 1.6, Avg: 1.8, Max: 1.9, Diff: 0.3, Sum: 7.2]
      [Code Root Scanning (ms): Min: 0.0, Avg: 0.0, Max: 0.1, Diff: 0.1, Sum: 0.1]
      [Object Copy (ms): Min: 8.5, Avg: 8.6, Max: 8.7, Diff: 0.1, Sum: 34.4]
      [Termination (ms): Min: 0.0, Avg: 0.0, Max: 0.0, Diff: 0.0, Sum: 0.0]
         [Termination Attempts: Min: 2, Avg: 2.2, Max: 3, Diff: 1, Sum: 9]
      [GC Worker Other (ms): Min: 0.0, Avg: 0.0, Max: 0.1, Diff: 0.0, Sum: 0.1]
      [GC Worker Total (ms): Min: 12.9, Avg: 12.9, Max: 13.0, Diff: 0.1, Sum: 51.8]
      [GC Worker End (ms): Min: 2348509.0, Avg: 2348509.0, Max: 2348509.0, Diff: 0.0]
   [Code Root Fixup: 0.0 ms]
   [Code Root Purge: 0.0 ms]
   [Clear CT: 0.1 ms]
   [Other: 0.5 ms]
      [Choose CSet: 0.0 ms]
      [Ref Proc: 0.1 ms]
      [Ref Enq: 0.0 ms]
      [Redirty Cards: 0.1 ms]
      [Humongous Register: 0.0 ms]
      [Humongous Reclaim: 0.0 ms]
      [Free CSet: 0.0 ms]
   [Eden: 54.0M(54.0M)->0.0B(109.0M) Survivors: 7168.0K->5120.0K Heap: 232.6M(1024.0M)->177.9M(1024.0M)]
 [Times: user=0.05 sys=0.00, real=0.02 secs] 
2019-02-21T00:54:00.244-0100: 2389.882: [GC pause (G1 Evacuation Pause) (young), 0.0229384 secs]
   [Parallel Time: 21.6 ms, GC Workers: 4]
      [GC Worker Start (ms): Min: 2389882.6, Avg: 2389882.6, Max: 2389882.7, Diff: 0.0]
      [Ext Root Scanning (ms): Min: 0.7, Avg: 0.8, Max: 0.9, Diff: 0.2, Sum: 3.2]
      [Update RS (ms): Min: 2.3, Avg: 2.4, Max: 2.5, Diff: 0.2, Sum: 9.6]
         [Processed Buffers: Min: 4, Avg: 10.8, Max: 25, Diff: 21, Sum: 43]
      [Scan RS (ms): Min: 2.0, Avg: 2.2, Max: 2.2, Diff: 0.2, Sum: 8.7]
      [Code Root Scanning (ms): Min: 0.0, Avg: 0.0, Max: 0.0, Diff: 0.0, Sum: 0.0]
      [Object Copy (ms): Min: 16.0, Avg: 16.0, Max: 16.2, Diff: 0.2, Sum: 64.1]
      [Termination (ms): Min: 0.0, Avg: 0.1, Max: 0.1, Diff: 0.1, Sum: 0.3]
         [Termination Attempts: Min: 1, Avg: 2.5, Max: 4, Diff: 3, Sum: 10]
      [GC Worker Other (ms): Min: 0.0, Avg: 0.0, Max: 0.0, Diff: 0.0, Sum: 0.1]
      [GC Worker Total (ms): Min: 21.5, Avg: 21.5, Max: 21.5, Diff: 0.0, Sum: 86.0]
      [GC Worker End (ms): Min: 2389904.1, Avg: 2389904.1, Max: 2389904.2, Diff: 0.0]
   [Code Root Fixup: 0.0 ms]
   [Code Root Purge: 0.0 ms]
   [Clear CT: 0.1 ms]
   [Other: 1.2 ms]
      [Choose CSet: 0.0 ms]
      [Ref Proc: 0.8 ms]
      [Ref Enq: 0.0 ms]
      [Redirty Cards: 0.1 ms]
      [Humongous Register: 0.0 ms]
      [Humongous Reclaim: 0.0 ms]
      [Free CSet: 0.0 ms]
   [Eden: 61.0M(61.0M)->0.0B(73.0M) Survivors: 5120.0K->8192.0K Heap: 238.9M(1024.0M)->181.4M(1024.0M)]
 [Times: user=0.07 sys=0.02, r2019-02-21T00:54:43.801-0100: 2432.061: [GC pause (G1 Evacuation Pause) (young), 0.0145474 secs]
   [Parallel Time: 14.0 ms, GC Workers: 4]
      [GC Worker Start (ms): Min: 2432061.1, Avg: 2432061.1, Max: 2432061.2, Diff: 0.1]
      [Ext Root Scanning (ms): Min: 0.5, Avg: 0.6, Max: 0.6, Diff: 0.1, Sum: 2.2]
      [Update RS (ms): Min: 1.5, Avg: 1.6, Max: 1.8, Diff: 0.4, Sum: 6.3]
         [Processed Buffers: Min: 2, Avg: 11.5, Max: 26, Diff: 24, Sum: 46]
      [Scan RS (ms): Min: 1.1, Avg: 1.4, Max: 1.5, Diff: 0.4, Sum: 5.5]
      [Code Root Scanning (ms): Min: 0.0, Avg: 0.0, Max: 0.0, Diff: 0.0, Sum: 0.0]
      [Object Copy (ms): Min: 10.3, Avg: 10.4, Max: 10.4, Diff: 0.0, Sum: 41.4]
      [Termination (ms): Min: 0.0, Avg: 0.0, Max: 0.0, Diff: 0.0, Sum: 0.0]
         [Termination Attempts: Min: 1, Avg: 1.0, Max: 1, Diff: 0, Sum: 4]
      [GC Worker Other (ms): Min: 0.0, Avg: 0.0, Max: 0.0, Diff: 0.0, Sum: 0.1]
      [GC Worker Total (ms): Min: 13.9, Avg: 13.9, Max: 13.9, Diff: 0.1, Sum: 55.6]
      [GC Worker End (ms): Min: 2432075.0, Avg: 2432075.0, Max: 2432075.1, Diff: 0.0]
   [Code Root Fixup: 0.0 ms]
   [Code Root Purge: 0.0 ms]
   [Clear CT: 0.1 ms]
   [Other: 0.5 ms]
      [Choose CSet: 0.0 ms]
      [Ref Proc: 0.1 ms]
      [Ref Enq: 0.0 ms]
      [Redirty Cards: 0.1 ms]
      [Humongous Register: 0.0 ms]
      [Humongous Reclaim: 0.0 ms]
      [Free CSet: 0.0 ms]
   [Eden: 59.0M(59.0M)->0.0B(84.0M) Survivors: 6144.0K->7168.0K Heap: 238.3M(1024.0M)->180.8M(1024.0M)]
 [Times: user=0.05 sys=0.00, real=0.01 secs] 
2019-02-21T00:56:07.169-0100: 2515.427: [GC pause (G1 Evacuation Pause) (young), 0.0134248 secs]
   [Parallel Time: 12.8 ms, GC Workers: 4]
      [GC Worker Start (ms): Min: 2515427.4, Avg: 2515427.5, Max: 2515427.5, Diff: 0.2]
      [Ext Root Scanning (ms): Min: 0.7, Avg: 0.7, Max: 0.8, Diff: 0.1, Sum: 2.8]
      [Update RS (ms): Min: 2.0, Avg: 2.0, Max: 2.2, Diff: 0.2, Sum: 8.2]
         [Processed Buffers: Min: 3, Avg: 10.5, Max: 18, Diff: 15, Sum: 42]
      [Scan RS (ms): Min: 1.5, Avg: 1.6, Max: 1.7, Diff: 0.2, Sum: 6.5]
      [Code Root Scanning (ms): Min: 0.0, Avg: 0.0, Max: 0.0, Diff: 0.0, Sum: 0.0]
      [Object Copy (ms): Min: 8.2, Avg: 8.2, Max: 8.2, Diff: 0.0, Sum: 32.9]
      [Termination (ms): Min: 0.0, Avg: 0.0, Max: 0.0, Diff: 0.0, Sum: 0.0]
         [Termination Attempts: Min: 1, Avg: 1.0, Max: 1, Diff: 0, Sum: 4]
      [GC Worker Other (ms): Min: 0.0, Avg: 0.0, Max: 0.0, Diff: 0.0, Sum: 0.1]
      [GC Worker Total (ms): Min: 12.5, Avg: 12.6, Max: 12.7, Diff: 0.2, Sum: 50.5]
      [GC Worker End (ms): Min: 2515440.1, Avg: 2515440.1, Max: 2515440.1, Diff: 0.0]
   [Code Root Fixup: 0.0 ms]
   [Code Root Purge: 0.0 ms]
   [Clear CT: 0.1 ms]
   [Other: 0.5 ms]
      [Choose CSet: 0.0 ms]
      [Ref Proc: 0.1 ms]
      [Ref Enq: 0.0 ms]
      [Redirty Cards: 0.1 ms]
      [Humongous Register: 0.0 ms]
      [Humongous Reclaim: 0.0 ms]
      [Free CSet: 0.0 ms]
   [Eden: 56.0M(56.0M)->0.0B(120.0M) Survivors: 7168.0K->5120.0K Heap: 236.8M(1024.0M)->180.2M(1024.0M)]
 [Times: user=0.05 sys=0.00, real=0.02 secs] 
2019-02-21T00:57:47.639-0100: 2615.896: [GC pause (G1 Evacuation Pause) (young), 0.0167289 secs]
   [Parallel Time: 16.2 ms, GC Workers: 4]
      [GC Worker Start (ms): Min: 2615895.9, Avg: 2615895.9, Max: 2615895.9, Diff: 0.0]
      [Ext Root Scanning (ms): Min: 0.4, Avg: 0.4, Max: 0.5, Diff: 0.2, Sum: 1.7]
      [Update RS (ms): Min: 1.1, Avg: 1.2, Max: 1.4, Diff: 0.3, Sum: 4.9]
         [Processed Buffers: Min: 2, Avg: 10.8, Max: 20, Diff: 18, Sum: 43]
      [Scan RS (ms): Min: 1.3, Avg: 1.4, Max: 1.5, Diff: 0.2, Sum: 5.6]
      [Code Root Scanning (ms): Min: 0.0, Avg: 0.0, Max: 0.0, Diff: 0.0, Sum: 0.1]
      [Object Copy (ms): Min: 12.3, Avg: 12.6, Max: 13.1, Diff: 0.7, Sum: 50.3]
      [Termination (ms): Min: 0.0, Avg: 0.5, Max: 0.7, Diff: 0.7, Sum: 2.0]
         [Termination Attempts: Min: 1, Avg: 2.0, Max: 3, Diff: 2, Sum: 8]
      [GC Worker Other (ms): Min: 0.0, Avg: 0.0, Max: 0.0, Diff: 0.0, Sum: 0.0]
      [GC Worker Total (ms): Min: 16.1, Avg: 16.2, Max: 16.2, Diff: 0.0, Sum: 64.6]
      [GC Worker End (ms): Min: 2615912.0, Avg: 2615912.0, Max: 2615912.0, Diff: 0.0]
   [Code Root Fixup: 0.0 ms]
   [Code Root Purge: 0.0 ms]
   [Clear CT: 0.0 ms]
   [Other: 0.4 ms]
      [Choose CSet: 0.0 ms]
      [Ref Proc: 0.1 ms]
      [Ref Enq: 0.0 ms]
      [Redirty Cards: 0.1 ms]
      [Humongous Register: 0.0 ms]
      [Humongous Reclaim: 0.0 ms]
      [Free CSet: 0.0 ms]
   [Eden: 70.0M(70.0M)->0.0B(75.0M) Survivors: 5120.0K->9216.0K Heap: 250.2M(1024.0M)->184.2M(1024.0M)]
 [Times: user=0.06 sys=0.01, real=0.02 secs] 
2019-02-21T00:59:41.823-0100: 2730.078: [GC pause (G1 Evacuation Pause) (young), 0.0206251 secs]
   [Parallel Time: 20.0 ms, GC Workers: 4]
      [GC Worker Start (ms): Min: 2730077.8, Avg: 2730077.8, Max: 2730077.9, Diff: 0.1]
      [Ext Root Scanning (ms): Min: 0.7, Avg: 0.7, Max: 0.8, Diff: 0.1, Sum: 2.9]
      [Update RS (ms): Min: 1.6, Avg: 1.6, Max: 1.7, Diff: 0.1, Sum: 6.5]
         [Processed Buffers: Min: 3, Avg: 10.2, Max: 20, Diff: 17, Sum: 41]
      [Scan RS (ms): Min: 1.3, Avg: 1.4, Max: 1.5, Diff: 0.1, Sum: 5.6]
      [Code Root Scanning (ms): Min: 0.0, Avg: 0.0, Max: 0.1, Diff: 0.1, Sum: 0.1]
      [Object Copy (ms): Min: 16.0, Avg: 16.1, Max: 16.1, Diff: 0.1, Sum: 64.4]
      [Termination (ms): Min: 0.0, Avg: 0.0, Max: 0.0, Diff: 0.0, Sum: 0.0]
         [Termination Attempts: Min: 1, Avg: 1.0, Max: 1, Diff: 0, Sum: 4]
      [GC Worker Other (ms): Min: 0.0, Avg: 0.0, Max: 0.0, Diff: 0.0, Sum: 0.1]
      [GC Worker Total (ms): Min: 19.9, Avg: 19.9, Max: 19.9, Diff: 0.1, Sum: 79.6]
      [GC Worker End (ms): Min: 2730097.7, Avg: 2730097.7, Max: 2730097.7, Diff: 0.0]
   [Code Root Fixup: 0.0 ms]
   [Code Root Purge: 0.0 ms]
   [Clear CT: 0.1 ms]
   [Other: 0.5 ms]
      [Choose CSet: 0.0 ms]
      [Ref Proc: 0.1 ms]
      [Ref Enq: 0.0 ms]
      [Redirty Cards: 0.1 ms]
      [Humongous Register: 0.0 ms]
      [Humongous Reclaim: 0.0 ms]
      [Free CSet: 0.1 ms]
   [Eden: 75.0M(75.0M)->0.0B(81.0M) Survivors: 9216.0K->8192.0K Heap: 259.2M(1024.0M)->185.7M(1024.0M)]
 [Times: user=0.07 sys=0.01, real=0.02 secs] 
2019-02-21T01:01:04.002-0100: 2812.256: [GC pause (G1 Evacuation Pause) (young), 0.0159065 secs]
   [Parallel Time: 15.3 ms, GC Workers: 4]
      [GC Worker Start (ms): Min: 2812256.0, Avg: 2812256.0, Max: 2812256.1, Diff: 0.1]
      [Ext Root Scanning (ms): Min: 0.2, Avg: 0.5, Max: 0.6, Diff: 0.4, Sum: 2.0]
      [Update RS (ms): Min: 1.9, Avg: 2.0, Max: 2.1, Diff: 0.2, Sum: 7.9]
         [Processed Buffers: Min: 3, Avg: 10.5, Max: 19, Diff: 16, Sum: 42]
      [Scan RS (ms): Min: 1.8, Avg: 1.9, Max: 2.0, Diff: 0.2, Sum: 7.7]
      [Code Root Scanning (ms): Min: 0.0, Avg: 0.0, Max: 0.1, Diff: 0.1, Sum: 0.1]
      [Object Copy (ms): Min: 10.7, Avg: 10.7, Max: 10.9, Diff: 0.2, Sum: 43.0]
      [Termination (ms): Min: 0.0, Avg: 0.0, Max: 0.0, Diff: 0.0, Sum: 0.0]
         [Termination Attempts: Min: 1, Avg: 1.0, Max: 1, Diff: 0, Sum: 4]
      [GC Worker Other (ms): Min: 0.0, Avg: 0.0, Max: 0.0, Diff: 0.0, Sum: 0.1]
      [GC Worker Total (ms): Min: 15.1, Avg: 15.2, Max: 15.2, Diff: 0.1, Sum: 60.8]
      [GC Worker End (ms): Min: 2812271.2, Avg: 2812271.2, Max: 2812271.2, Diff: 0.0]
   [Code Root Fixup: 0.0 ms]
   [Code Root Purge: 0.0 ms]
   [Clear CT: 0.1 ms]
   [Other: 0.5 ms]
      [Choose CSet: 0.0 ms]
      [Ref Proc: 0.2 ms]
      [Ref Enq: 0.0 ms]
      [Redirty Cards: 0.0 ms]
      [Humongous Register: 0.0 ms]
      [Humongous Reclaim: 0.0 ms]
      [Free CSet: 0.1 ms]
   [Eden: 55.0M(55.0M)->0.0B(110.0M) Survivors: 8192.0K->5120.0K Heap: 240.7M(1024.0M)->188.2M(1024.0M)]
 [Times: user=0.06 sys=0.00, real=0.01 secs] 
2019-02-21T01:03:49.799-0100: 2978.050: [GC pause (G1 Evacuation Pause) (young), 0.0236684 secs]
   [Parallel Time: 20.3 ms, GC Workers: 4]
      [GC Worker Start (ms): Min: 2978052.5, Avg: 2978052.6, Max: 2978052.7, Diff: 0.3]
      [Ext Root Scanning (ms): Min: 2.6, Avg: 3.9, Max: 7.4, Diff: 4.8, Sum: 15.4]
      [Update RS (ms): Min: 0.0, Avg: 2.8, Max: 4.1, Diff: 4.1, Sum: 11.2]
         [Processed Buffers: Min: 0, Avg: 11.5, Max: 17, Diff: 17, Sum: 46]
      [Scan RS (ms): Min: 2.3, Avg: 2.6, Max: 2.8, Diff: 0.5, Sum: 10.6]
      [Code Root Scanning (ms): Min: 0.0, Avg: 0.0, Max: 0.0, Diff: 0.0, Sum: 0.0]
      [Object Copy (ms): Min: 10.4, Avg: 10.7, Max: 10.9, Diff: 0.5, Sum: 42.6]
      [Termination (ms): Min: 0.0, Avg: 0.0, Max: 0.0, Diff: 0.0, Sum: 0.0]
         [Termination Attempts: Min: 1, Avg: 1.2, Max: 2, Diff: 1, Sum: 5]
      [GC Worker Other (ms): Min: 0.0, Avg: 0.1, Max: 0.1, Diff: 0.1, Sum: 0.3]
      [GC Worker Total (ms): Min: 19.9, Avg: 20.0, Max: 20.2, Diff: 0.3, Sum: 80.1]
      [GC Worker End (ms): Min: 2978072.6, Avg: 2978072.6, Max: 2978072.7, Diff: 0.0]
   [Code Root Fixup: 0.0 ms]
   [Code Root Purge: 0.0 ms]
   [Clear CT: 0.1 ms]
   [Other: 3.3 ms]
      [Choose CSet: 0.0 ms]
      [Ref Proc: 0.3 ms]
      [Ref Enq: 0.0 ms]
      [Redirty Cards: 0.1 ms]
      [Humongous Register: 2.1 ms]
      [Humongous Reclaim: 0.0 ms]
      [Free CSet: 0.3 ms]
   [Eden: 110.0M(110.0M)->0.0B(63.0M) Survivors: 5120.0K->7168.0K Heap: 298.2M(1024.0M)->190.2M(1024.0M)]
 [Times: user=0.05 sys=0.02, real=0.03 secs] 
2019-02-21T01:05:39.729-0100: 3087.978: [GC pause (G1 Evacuation Pause) (young), 0.0183107 secs]
   [Parallel Time: 17.7 ms, GC Workers: 4]
      [GC Worker Start (ms): Min: 3087978.3, Avg: 3087978.4, Max: 3087978.6, Diff: 0.3]
      [Ext Root Scanning (ms): Min: 0.5, Avg: 0.7, Max: 0.9, Diff: 0.4, Sum: 2.7]
      [Update RS (ms): Min: 3.1, Avg: 3.4, Max: 4.1, Diff: 1.1, Sum: 13.5]
         [Processed Buffers: Min: 7, Avg: 10.5, Max: 14, Diff: 7, Sum: 42]
      [Scan RS (ms): Min: 0.1, Avg: 0.9, Max: 1.2, Diff: 1.1, Sum: 3.5]
      [Code Root Scanning (ms): Min: 0.0, Avg: 0.0, Max: 0.0, Diff: 0.0, Sum: 0.0]
      [Object Copy (ms): Min: 12.5, Avg: 12.6, Max: 12.6, Diff: 0.2, Sum: 50.2]
      [Termination (ms): Min: 0.0, Avg: 0.0, Max: 0.0, Diff: 0.0, Sum: 0.0]
         [Termination Attempts: Min: 1, Avg: 2.5, Max: 4, Diff: 3, Sum: 10]
      [GC Worker Other (ms): Min: 0.0, Avg: 0.0, Max: 0.0, Diff: 0.0, Sum: 0.1]
      [GC Worker Total (ms): Min: 17.3, Avg: 17.5, Max: 17.6, Diff: 0.3, Sum: 70.0]
      [GC Worker End (ms): Min: 3087995.9, Avg: 3087995.9, Max: 3087995.9, Diff: 0.0]
   [Code Root Fixup: 0.0 ms]
   [Code Root Purge: 0.0 ms]
   [Clear CT: 0.1 ms]
   [Other: 0.6 ms]
      [Choose CSet: 0.0 ms]
      [Ref Proc: 0.1 ms]
      [Ref Enq: 0.0 ms]
      [Redirty Cards: 0.1 ms]
      [Humongous Register: 0.0 ms]
      [Humongous Reclaim: 0.0 ms]
      [Free CSet: 0.1 ms]
   [Eden: 63.0M(63.0M)->0.0B(69.0M) Survivors: 7168.0K->4096.0K Heap: 253.2M(1024.0M)->191.2M(1024.0M)]
 [Times: user=0.05 sys=0.01, real=0.02 secs] 
2019-02-21T01:07:36.757-0100: 3205.003: [GC pause (G1 Evacuation Pause) (young), 0.0170611 secs]
   [Parallel Time: 16.5 ms, GC Workers: 4]
      [GC Worker Start (ms): Min: 3205003.6, Avg: 3205003.6, Max: 3205003.7, Diff: 0.0]
      [Ext Root Scanning (ms): Min: 0.6, Avg: 0.7, Max: 0.7, Diff: 0.0, Sum: 2.6]
      [Update RS (ms): Min: 2.6, Avg: 3.0, Max: 4.2, Diff: 1.6, Sum: 12.2]
         [Processed Buffers: Min: 3, Avg: 12.0, Max: 29, Diff: 26, Sum: 48]
      [Scan RS (ms): Min: 0.9, Avg: 2.1, Max: 2.5, Diff: 1.6, Sum: 8.3]
      [Code Root Scanning (ms): Min: 0.0, Avg: 0.0, Max: 0.0, Diff: 0.0, Sum: 0.1]
      [Object Copy (ms): Min: 10.6, Avg: 10.7, Max: 10.7, Diff: 0.1, Sum: 42.6]
      [Termination (ms): Min: 0.0, Avg: 0.0, Max: 0.0, Diff: 0.0, Sum: 0.0]
         [Termination Attempts: Min: 1, Avg: 1.2, Max: 2, Diff: 1, Sum: 5]
      [GC Worker Other (ms): Min: 0.0, Avg: 0.0, Max: 0.0, Diff: 0.0, Sum: 0.1]
      [GC Worker Total (ms): Min: 16.4, Avg: 16.4, Max: 16.5, Diff: 0.0, Sum: 65.8]
      [GC Worker End (ms): Min: 3205020.1, Avg: 3205020.1, Max: 3205020.1, Diff: 0.0]
   [Code Root Fixup: 0.0 ms]
   [Code Root Purge: 0.0 ms]
   [Clear CT: 0.1 ms]
   [Other: 0.5 ms]
      [Choose CSet: 0.0 ms]
      [Ref Proc: 0.1 ms]
      [Ref Enq: 0.0 ms]
      [Redirty Cards: 0.1 ms]
      [Humongous Register: 0.0 ms]
      [Humongous Reclaim: 0.0 ms]
      [Free CSet: 0.1 ms]
   [Eden: 69.0M(69.0M)->0.0B(61.0M) Survivors: 4096.0K->5120.0K Heap: 260.2M(1024.0M)->191.7M(1024.0M)]
 [Times: user=0.04 sys=0.01, real=0.02 secs] 
2019-02-21T01:08:38.780-0100: 3267.026: [GC pause (G1 Evacuation Pause) (young), 0.0164500 secs]
   [Parallel Time: 15.4 ms, GC Workers: 4]
      [GC Worker Start (ms): Min: 3267026.6, Avg: 3267026.6, Max: 3267026.6, Diff: 0.1]
      [Ext Root Scanning (ms): Min: 0.7, Avg: 0.7, Max: 0.8, Diff: 0.1, Sum: 2.9]
      [Update RS (ms): Min: 1.5, Avg: 1.5, Max: 1.6, Diff: 0.1, Sum: 6.0]
         [Processed Buffers: Min: 5, Avg: 10.5, Max: 18, Diff: 13, Sum: 42]
      [Scan RS (ms): Min: 1.1, Avg: 1.1, Max: 1.2, Diff: 0.2, Sum: 4.5]
      [Code Root Scanning (ms): Min: 0.0, Avg: 0.0, Max: 0.0, Diff: 0.0, Sum: 0.0]
      [Object Copy (ms): Min: 11.8, Avg: 11.9, Max: 11.9, Diff: 0.1, Sum: 47.5]
      [Termination (ms): Min: 0.0, Avg: 0.1, Max: 0.1, Diff: 0.1, Sum: 0.2]
         [Termination Attempts: Min: 5, Avg: 11.0, Max: 15, Diff: 10, Sum: 44]
      [GC Worker Other (ms): Min: 0.0, Avg: 0.0, Max: 0.0, Diff: 0.0, Sum: 0.1]
      [GC Worker Total (ms): Min: 15.3, Avg: 15.3, Max: 15.3, Diff: 0.1, Sum: 61.3]
      [GC Worker End (ms): Min: 3267041.9, Avg: 3267041.9, Max: 3267041.9, Diff: 0.0]
   [Code Root Fixup: 0.0 ms]
   [Code Root Purge: 0.0 ms]
   [Clear CT: 0.1 ms]
   [Other: 0.9 ms]
      [Choose CSet: 0.0 ms]
      [Ref Proc: 0.3 ms]
      [Ref Enq: 0.0 ms]
      [Redirty Cards: 0.1 ms]
      [Humongous Register: 0.2 ms]
      [Humongous Reclaim: 0.0 ms]
      [Free CSet: 0.1 ms]
   [Eden: 61.0M(61.0M)->0.0B(67.0M) Survivors: 5120.0K->9216.0K Heap: 252.7M(1024.0M)->196.2M(1024.0M)]
 [Times: user=0.06 sys=0.00, real=0.01 secs] 
2019-02-21T01:09:29.438-0100: 3317.683: [GC pause (G1 Evacuation Pause) (young), 0.0239491 secs]
   [Parallel Time: 23.4 ms, GC Workers: 4]
      [GC Worker Start (ms): Min: 3317683.0, Avg: 3317683.1, Max: 3317683.3, Diff: 0.3]
      [Ext Root Scanning (ms): Min: 0.3, Avg: 0.5, Max: 0.6, Diff: 0.4, Sum: 2.2]
      [Update RS (ms): Min: 1.9, Avg: 2.2, Max: 2.9, Diff: 1.0, Sum: 8.9]
         [Processed Buffers: Min: 5, Avg: 11.0, Max: 19, Diff: 14, Sum: 44]
      [Scan RS (ms): Min: 1.0, Avg: 1.6, Max: 1.9, Diff: 1.0, Sum: 6.5]
      [Code Root Scanning (ms): Min: 0.0, Avg: 0.0, Max: 0.0, Diff: 0.0, Sum: 0.0]
      [Object Copy (ms): Min: 18.7, Avg: 18.8, Max: 18.9, Diff: 0.2, Sum: 75.3]
      [Termination (ms): Min: 0.0, Avg: 0.0, Max: 0.0, Diff: 0.0, Sum: 0.0]
         [Termination Attempts: Min: 1, Avg: 1.2, Max: 2, Diff: 1, Sum: 5]
      [GC Worker Other (ms): Min: 0.0, Avg: 0.0, Max: 0.0, Diff: 0.0, Sum: 0.1]
      [GC Worker Total (ms): Min: 23.0, Avg: 23.2, Max: 23.3, Diff: 0.3, Sum: 92.9]
      [GC Worker End (ms): Min: 3317706.3, Avg: 3317706.3, Max: 3317706.3, Diff: 0.0]
   [Code Root Fixup: 0.0 ms]
   [Code Root Purge: 0.0 ms]
   [Clear CT: 0.1 ms]
   [Other: 0.5 ms]
      [Choose CSet: 0.0 ms]
      [Ref Proc: 0.1 ms]
      [Ref Enq: 0.0 ms]
      [Redirty Cards: 0.1 ms]
      [Humongous Register: 0.0 ms]
      [Humongous Reclaim: 0.0 ms]
      [Free CSet: 0.0 ms]
   [Eden: 67.0M(67.0M)->0.0B(52.0M) Survivors: 9216.0K->6144.0K Heap: 263.2M(1024.0M)->195.4M(1024.0M)]
 [Times: user=0.06 sys=0.02, real=0.03 secs] 
2019-02-21T01:10:44.690-0100: 3392.933: [GC pause (G1 Evacuation Pause) (young), 0.0130156 secs]
   [Parallel Time: 11.8 ms, GC Workers: 4]
      [GC Worker Start (ms): Min: 3392933.6, Avg: 3392933.6, Max: 3392933.7, Diff: 0.0]
      [Ext Root Scanning (ms): Min: 0.5, Avg: 0.6, Max: 0.6, Diff: 0.1, Sum: 2.2]
      [Update RS (ms): Min: 1.9, Avg: 2.0, Max: 2.1, Diff: 0.2, Sum: 7.9]
         [Processed Buffers: Min: 2, Avg: 10.8, Max: 24, Diff: 22, Sum: 43]
      [Scan RS (ms): Min: 1.7, Avg: 1.8, Max: 1.9, Diff: 0.2, Sum: 7.1]
      [Code Root Scanning (ms): Min: 0.0, Avg: 0.0, Max: 0.0, Diff: 0.0, Sum: 0.0]
      [Object Copy (ms): Min: 7.4, Avg: 7.4, Max: 7.5, Diff: 0.1, Sum: 29.7]
      [Termination (ms): Min: 0.0, Avg: 0.0, Max: 0.0, Diff: 0.0, Sum: 0.0]
         [Termination Attempts: Min: 1, Avg: 3.0, Max: 6, Diff: 5, Sum: 12]
      [GC Worker Other (ms): Min: 0.0, Avg: 0.0, Max: 0.0, Diff: 0.0, Sum: 0.1]
      [GC Worker Total (ms): Min: 11.7, Avg: 11.8, Max: 11.8, Diff: 0.0, Sum: 47.1]
      [GC Worker End (ms): Min: 3392945.4, Avg: 3392945.4, Max: 3392945.4, Diff: 0.0]
   [Code Root Fixup: 0.0 ms]
   [Code Root Purge: 0.0 ms]
   [Clear CT: 0.1 ms]
   [Other: 1.1 ms]
      [Choose CSet: 0.0 ms]
      [Ref Proc: 0.7 ms]
      [Ref Enq: 0.0 ms]
      [Redirty Cards: 0.1 ms]
      [Humongous Register: 0.0 ms]
      [Humongous Reclaim: 0.0 ms]
      [Free CSet: 0.1 ms]
   [Eden: 45.0M(45.0M)->0.0B(111.0M) Survivors: 6144.0K->3072.0K Heap: 240.4M(1024.0M)->195.9M(1024.0M)]
 [Times: user=0.05 sys=0.00, real=0.01 secs] 
2019-02-21T01:13:18.713-0100: 3546.954: [GC pause (G1 Evacuation Pause) (young), 0.0129770 secs]
   [Parallel Time: 12.3 ms, GC Workers: 4]
      [GC Worker Start (ms): Min: 3546953.8, Avg: 3546953.8, Max: 3546953.8, Diff: 0.0]
      [Ext Root Scanning (ms): Min: 0.6, Avg: 0.6, Max: 0.7, Diff: 0.1, Sum: 2.6]
      [Update RS (ms): Min: 1.8, Avg: 2.0, Max: 2.0, Diff: 0.2, Sum: 7.9]
         [Processed Buffers: Min: 4, Avg: 10.8, Max: 17, Diff: 13, Sum: 43]
      [Scan RS (ms): Min: 1.6, Avg: 1.7, Max: 2.0, Diff: 0.4, Sum: 6.9]
      [Code Root Scanning (ms): Min: 0.0, Avg: 0.0, Max: 0.0, Diff: 0.0, Sum: 0.0]
      [Object Copy (ms): Min: 7.8, Avg: 7.9, Max: 8.0, Diff: 0.2, Sum: 31.6]
      [Termination (ms): Min: 0.0, Avg: 0.0, Max: 0.0, Diff: 0.0, Sum: 0.0]
         [Termination Attempts: Min: 1, Avg: 3.0, Max: 7, Diff: 6, Sum: 12]
      [GC Worker Other (ms): Min: 0.0, Avg: 0.0, Max: 0.0, Diff: 0.0, Sum: 0.1]
      [GC Worker Total (ms): Min: 12.3, Avg: 12.3, Max: 12.3, Diff: 0.0, Sum: 49.1]
      [GC Worker End (ms): Min: 3546966.0, Avg: 3546966.1, Max: 3546966.1, Diff: 0.0]
   [Code Root Fixup: 0.0 ms]
   [Code Root Purge: 0.0 ms]
   [Clear CT: 0.1 ms]
   [Other: 0.5 ms]
      [Choose CSet: 0.0 ms]
      [Ref Proc: 0.2 ms]
      [Ref Enq: 0.0 ms]
      [Redirty Cards: 0.1 ms]
      [Humongous Register: 0.0 ms]
      [Humongous Reclaim: 0.0 ms]
      [Free CSet: 0.0 ms]
   [Eden: 66.0M(66.0M)->0.0B(99.0M) Survivors: 3072.0K->7168.0K Heap: 261.9M(1024.0M)->199.8M(1024.0M)]
 [Times: user=0.05 sys=0.00, real=0.01 secs] 
2019-02-21T01:17:04.795-0100: 3773.033: [GC pause (G1 Evacuation Pause) (young), 0.0226299 secs]
   [Parallel Time: 21.8 ms, GC Workers: 4]
      [GC Worker Start (ms): Min: 3773033.1, Avg: 3773033.4, Max: 3773034.2, Diff: 1.2]
      [Ext Root Scanning (ms): Min: 0.1, Avg: 0.8, Max: 1.3, Diff: 1.2, Sum: 3.2]
      [Update RS (ms): Min: 1.9, Avg: 2.0, Max: 2.1, Diff: 0.2, Sum: 8.0]
         [Processed Buffers: Min: 3, Avg: 11.0, Max: 25, Diff: 22, Sum: 44]
      [Scan RS (ms): Min: 0.7, Avg: 0.9, Max: 1.0, Diff: 0.2, Sum: 3.5]
      [Code Root Scanning (ms): Min: 0.0, Avg: 0.0, Max: 0.0, Diff: 0.0, Sum: 0.0]
      [Object Copy (ms): Min: 17.6, Avg: 17.7, Max: 17.8, Diff: 0.2, Sum: 70.8]
      [Termination (ms): Min: 0.0, Avg: 0.0, Max: 0.0, Diff: 0.0, Sum: 0.0]
         [Termination Attempts: Min: 1, Avg: 1.0, Max: 1, Diff: 0, Sum: 4]
      [GC Worker Other (ms): Min: 0.0, Avg: 0.0, Max: 0.0, Diff: 0.0, Sum: 0.1]
      [GC Worker Total (ms): Min: 20.5, Avg: 21.4, Max: 21.7, Diff: 1.2, Sum: 85.6]
      [GC Worker End (ms): Min: 3773054.8, Avg: 3773054.8, Max: 3773054.8, Diff: 0.0]
   [Code Root Fixup: 0.0 ms]
   [Code Root Purge: 0.0 ms]
   [Clear CT: 0.1 ms]
   [Other: 0.8 ms]
      [Choose CSet: 0.0 ms]
      [Ref Proc: 0.2 ms]
      [Ref Enq: 0.0 ms]
      [Redirty Cards: 0.1 ms]
      [Humongous Register: 0.1 ms]
      [Humongous Reclaim: 0.0 ms]
      [Free CSet: 0.1 ms]
   [Eden: 99.0M(99.0M)->0.0B(86.0M) Survivors: 7168.0K->9216.0K Heap: 298.8M(1024.0M)->201.9M(1024.0M)]
 [Times: user=0.05 sys=0.03, real=0.02 secs] 
2019-02-21T01:20:27.144-0100: 3975.378: [GC pause (G1 Evacuation Pause) (young), 0.0132714 secs]
   [Parallel Time: 12.6 ms, GC Workers: 4]
      [GC Worker Start (ms): Min: 3975378.3, Avg: 3975378.3, Max: 3975378.3, Diff: 0.1]
      [Ext Root Scanning (ms): Min: 0.6, Avg: 0.6, Max: 0.7, Diff: 0.1, Sum: 2.4]
      [Update RS (ms): Min: 1.2, Avg: 1.3, Max: 1.3, Diff: 0.1, Sum: 5.0]
         [Processed Buffers: Min: 6, Avg: 10.5, Max: 14, Diff: 8, Sum: 42]
      [Scan RS (ms): Min: 1.1, Avg: 1.2, Max: 1.3, Diff: 0.1, Sum: 4.8]
      [Code Root Scanning (ms): Min: 0.0, Avg: 0.0, Max: 0.0, Diff: 0.0, Sum: 0.0]
      [Object Copy (ms): Min: 9.3, Avg: 9.3, Max: 9.4, Diff: 0.1, Sum: 37.2]
      [Termination (ms): Min: 0.0, Avg: 0.0, Max: 0.0, Diff: 0.0, Sum: 0.0]
         [Termination Attempts: Min: 1, Avg: 1.0, Max: 1, Diff: 0, Sum: 4]
      [GC Worker Other (ms): Min: 0.0, Avg: 0.0, Max: 0.0, Diff: 0.0, Sum: 0.1]
      [GC Worker Total (ms): Min: 12.4, Avg: 12.4, Max: 12.4, Diff: 0.1, Sum: 49.6]
      [GC Worker End (ms): Min: 3975390.7, Avg: 3975390.7, Max: 3975390.7, Diff: 0.0]
   [Code Root Fixup: 0.0 ms]
   [Code Root Purge: 0.0 ms]
   [Clear CT: 0.1 ms]
   [Other: 0.7 ms]
      [Choose CSet: 0.0 ms]
      [Ref Proc: 0.2 ms]
      [Ref Enq: 0.0 ms]
      [Redirty Cards: 0.1 ms]
      [Humongous Register: 0.1 ms]
      [Humongous Reclaim: 0.0 ms]
      [Free CSet: 0.1 ms]
   [Eden: 86.0M(86.0M)->0.0B(117.0M) Survivors: 9216.0K->6144.0K Heap: 287.9M(1024.0M)->200.2M(1024.0M)]
 [Times: user=0.05 sys=0.00, real=0.01 secs] 
2019-02-21T01:25:28.503-0100: 4251.801: [GC pause (G1 Evacuation Pause) (young), 0.0243427 secs]
   [Parallel Time: 20.3 ms, GC Workers: 4]
      [GC Worker Start (ms): Min: 4251804.1, Avg: 4251804.1, Max: 4251804.2, Diff: 0.2]
      [Ext Root Scanning (ms): Min: 2.7, Avg: 4.6, Max: 10.1, Diff: 7.3, Sum: 18.4]
      [Update RS (ms): Min: 0.0, Avg: 3.2, Max: 4.6, Diff: 4.6, Sum: 13.0]
         [Processed Buffers: Min: 0, Avg: 10.8, Max: 31, Diff: 31, Sum: 43]
      [Scan RS (ms): Min: 0.0, Avg: 1.5, Max: 2.2, Diff: 2.2, Sum: 5.9]
      [Code Root Scanning (ms): Min: 0.0, Avg: 0.0, Max: 0.0, Diff: 0.0, Sum: 0.0]
      [Object Copy (ms): Min: 10.1, Avg: 10.7, Max: 10.9, Diff: 0.9, Sum: 42.7]
      [Termination (ms): Min: 0.0, Avg: 0.1, Max: 0.1, Diff: 0.0, Sum: 0.2]
         [Termination Attempts: Min: 2, Avg: 4.2, Max: 6, Diff: 4, Sum: 17]
      [GC Worker Other (ms): Min: 0.0, Avg: 0.1, Max: 0.1, Diff: 0.1, Sum: 0.3]
      [GC Worker Total (ms): Min: 20.1, Avg: 20.1, Max: 20.2, Diff: 0.2, Sum: 80.5]
      [GC Worker End (ms): Min: 4251824.3, Avg: 4251824.3, Max: 4251824.3, Diff: 0.0]
   [Code Root Fixup: 0.0 ms]
   [Code Root Purge: 0.0 ms]
   [Clear CT: 0.1 ms]
   [Other: 3.9 ms]
      [Choose CSet: 0.0 ms]
      [Ref Proc: 0.8 ms]
      [Ref Enq: 0.0 ms]
      [Redirty Cards: 0.1 ms]
      [Humongous Register: 2.2 ms]
      [Humongous Reclaim: 0.0 ms]
      [Free CSet: 0.2 ms]
   [Eden: 117.0M(117.0M)->0.0B(70.0M) Survivors: 6144.0K->7168.0K Heap: 317.2M(1024.0M)->200.7M(1024.0M)]
 [Times: user=0.04 sys=0.02, real=0.02 secs] 
2019-02-21T01:39:26.362-0100: 4429.523: [GC pause (G1 Evacuation Pause) (young), 0.0159814 secs]
   [Parallel Time: 13.7 ms, GC Workers: 4]
      [GC Worker Start (ms): Min: 4429523.1, Avg: 4429523.4, Max: 4429523.9, Diff: 0.7]
      [Ext Root Scanning (ms): Min: 0.0, Avg: 1.0, Max: 2.2, Diff: 2.2, Sum: 4.0]
      [Update RS (ms): Min: 2.5, Avg: 3.3, Max: 4.9, Diff: 2.4, Sum: 13.4]
         [Processed Buffers: Min: 2, Avg: 10.2, Max: 21, Diff: 19, Sum: 41]
      [Scan RS (ms): Min: 0.0, Avg: 0.6, Max: 0.9, Diff: 0.9, Sum: 2.5]
      [Code Root Scanning (ms): Min: 0.0, Avg: 0.0, Max: 0.0, Diff: 0.0, Sum: 0.0]
      [Object Copy (ms): Min: 7.5, Avg: 7.9, Max: 8.0, Diff: 0.6, Sum: 31.5]
      [Termination (ms): Min: 0.0, Avg: 0.0, Max: 0.0, Diff: 0.0, Sum: 0.0]
         [Termination Attempts: Min: 1, Avg: 1.0, Max: 1, Diff: 0, Sum: 4]
      [GC Worker Other (ms): Min: 0.0, Avg: 0.4, Max: 1.7, Diff: 1.7, Sum: 1.8]
      [GC Worker Total (ms): Min: 12.9, Avg: 13.3, Max: 13.6, Diff: 0.7, Sum: 53.2]
      [GC Worker End (ms): Min: 4429536.7, Avg: 4429536.7, Max: 4429536.7, Diff: 0.0]
   [Code Root Fixup: 0.0 ms]
   [Code Root Purge: 0.0 ms]
   [Clear CT: 0.1 ms]
   [Other: 2.2 ms]
      [Choose CSet: 0.0 ms]
      [Ref Proc: 1.8 ms]
      [Ref Enq: 0.0 ms]
      [Redirty Cards: 0.1 ms]
      [Humongous Register: 0.0 ms]
      [Humongous Reclaim: 0.0 ms]
      [Free CSet: 0.1 ms]
   [Eden: 70.0M(70.0M)->0.0B(90.0M) Survivors: 7168.0K->5120.0K Heap: 270.7M(1024.0M)->199.2M(1024.0M)]
 [Times: user=0.04 sys=0.00, real=0.01 secs] 
2019-02-21T01:45:11.832-0100: 4642.574: [GC pause (G1 Evacuation Pause) (young), 0.0149237 secs]
   [Parallel Time: 13.7 ms, GC Workers: 4]
      [GC Worker Start (ms): Min: 4642574.4, Avg: 4642574.5, Max: 4642574.5, Diff: 0.0]
      [Ext Root Scanning (ms): Min: 0.4, Avg: 0.4, Max: 0.5, Diff: 0.2, Sum: 1.8]
      [Update RS (ms): Min: 0.8, Avg: 0.8, Max: 0.9, Diff: 0.1, Sum: 3.4]
         [Processed Buffers: Min: 4, Avg: 10.0, Max: 16, Diff: 12, Sum: 40]
      [Scan RS (ms): Min: 0.5, Avg: 0.6, Max: 0.6, Diff: 0.1, Sum: 2.3]
      [Code Root Scanning (ms): Min: 0.0, Avg: 0.0, Max: 0.0, Diff: 0.0, Sum: 0.0]
      [Object Copy (ms): Min: 10.9, Avg: 11.1, Max: 11.6, Diff: 0.7, Sum: 44.4]
      [Termination (ms): Min: 0.0, Avg: 0.6, Max: 0.8, Diff: 0.8, Sum: 2.3]
         [Termination Attempts: Min: 1, Avg: 5.2, Max: 12, Diff: 11, Sum: 21]
      [GC Worker Other (ms): Min: 0.0, Avg: 0.0, Max: 0.0, Diff: 0.0, Sum: 0.0]
      [GC Worker Total (ms): Min: 13.5, Avg: 13.6, Max: 13.7, Diff: 0.2, Sum: 54.2]
      [GC Worker End (ms): Min: 4642587.9, Avg: 4642588.0, Max: 4642588.1, Diff: 0.2]
   [Code Root Fixup: 0.0 ms]
   [Code Root Purge: 0.0 ms]
   [Clear CT: 0.0 ms]
   [Other: 1.1 ms]
      [Choose CSet: 0.0 ms]
      [Ref Proc: 0.8 ms]
      [Ref Enq: 0.0 ms]
      [Redirty Cards: 0.1 ms]
      [Humongous Register: 0.0 ms]
      [Humongous Reclaim: 0.0 ms]
      [Free CSet: 0.0 ms]
   [Eden: 90.0M(90.0M)->0.0B(96.0M) Survivors: 5120.0K->9216.0K Heap: 289.2M(1024.0M)->203.2M(1024.0M)]
 [Times: user=0.05 sys=0.00, real=0.01 secs] 
2019-02-21T11:58:25.186-0100: 4900.286: [GC pause (G1 Evacuation Pause) (young), 0.0739706 secs]
   [Parallel Time: 68.6 ms, GC Workers: 4]
      [GC Worker Start (ms): Min: 4900289.9, Avg: 4900290.6, Max: 4900291.3, Diff: 1.4]
      [Ext Root Scanning (ms): Min: 1.2, Avg: 3.0, Max: 7.2, Diff: 6.0, Sum: 12.0]
      [Update RS (ms): Min: 2.0, Avg: 5.7, Max: 7.0, Diff: 5.0, Sum: 22.6]
         [Processed Buffers: Min: 7, Avg: 12.0, Max: 16, Diff: 9, Sum: 48]
      [Scan RS (ms): Min: 0.7, Avg: 1.1, Max: 2.0, Diff: 1.3, Sum: 4.5]
      [Code Root Scanning (ms): Min: 0.0, Avg: 0.0, Max: 0.1, Diff: 0.1, Sum: 0.1]
      [Object Copy (ms): Min: 57.2, Avg: 57.7, Max: 58.0, Diff: 0.9, Sum: 230.9]
      [Termination (ms): Min: 0.0, Avg: 0.0, Max: 0.0, Diff: 0.0, Sum: 0.1]
         [Termination Attempts: Min: 7, Avg: 8.8, Max: 10, Diff: 3, Sum: 35]
      [GC Worker Other (ms): Min: 0.0, Avg: 0.0, Max: 0.1, Diff: 0.0, Sum: 0.1]
      [GC Worker Total (ms): Min: 67.0, Avg: 67.6, Max: 68.3, Diff: 1.4, Sum: 270.4]
      [GC Worker End (ms): Min: 4900358.2, Avg: 4900358.2, Max: 4900358.2, Diff: 0.0]
   [Code Root Fixup: 0.0 ms]
   [Code Root Purge: 0.0 ms]
   [Clear CT: 0.2 ms]
   [Other: 5.1 ms]
      [Choose CSet: 0.0 ms]
      [Ref Proc: 0.9 ms]
      [Ref Enq: 0.0 ms]
      [Redirty Cards: 0.0 ms]
      [Humongous Register: 3.0 ms]
      [Humongous Reclaim: 0.0 ms]
      [Free CSet: 0.2 ms]
   [Eden: 96.0M(96.0M)->0.0B(44.0M) Survivors: 9216.0K->7168.0K Heap: 299.2M(1024.0M)->202.1M(1024.0M)]
 [Times: user=0.07 sys=0.14, real=0.08 secs] 
Heap
 garbage-first heap   total 1048576K, used 220223K [0x0000000780000000, 0x0000000780102000, 0x00000007c0000000)
  region size 1024K, 21 young (21504K), 7 survivors (7168K)
 Metaspace       used 32146K, capacity 32426K, committed 32896K, reserved 1077248K
  class space    used 4273K, capacity 4401K, committed 4480K, reserved 1048576K
: 1.8, Max: 1.9, Diff: 0.2, Sum: 7.1]
         [Processed Buffers: Min: 4, Avg: 10.5, Max: 19, Diff: 15, Sum: 42]
      [Scan RS (ms): Min: 3.7, Avg: 3.8, Max: 3.8, Diff: 0.2, Sum: 15.1]
      [Code Root Scanning (ms): Min: 0.0, Avg: 0.0, Max: 0.0, Diff: 0.0, Sum: 0.0]
      [Object Copy (ms): Min: 7.0, Avg: 7.1, Max: 7.1, Diff: 0.1, Sum: 28.4]
      [Termination (ms): Min: 0.0, Avg: 0.0, Max: 0.0, Diff: 0.0, Sum: 0.0]
         [Termination Attempts: Min: 1, Avg: 1.0, Max: 1, Diff: 0, Sum: 4]
      [GC Worker Other (ms): Min: 0.0, Avg: 0.0, Max: 0.0, Diff: 0.0, Sum: 0.1]
      [GC Worker Total (ms): Min: 13.3, Avg: 13.3, Max: 13.3, Diff: 0.1, Sum: 53.2]
      [GC Worker End (ms): Min: 3046871.3, Avg: 3046871.3, Max: 3046871.3, Diff: 0.0]
   [Code Root Fixup: 0.0 ms]
   [Code Root Purge: 0.0 ms]
   [Clear CT: 0.1 ms]
   [Other: 0.7 ms]
      [Choose CSet: 0.0 ms]
      [Ref Proc: 0.3 ms]
      [Ref Enq: 0.0 ms]
      [Redirty Cards: 0.1 ms]
      [Humongous Register: 0.0 ms]
      [Humongous Reclaim: 0.0 ms]
      [Free CSet: 0.1 ms]
   [Eden: 47.0M(45.0M)->0.0B(106.0M) Survivors: 6144.0K->3072.0K Heap: 245.5M(1024.0M)->196.9M(1024.0M)]
 [Times: user=0.05 sys=0.00, real=0.01 secs] 
2019-02-21T01:06:32.010-0100: 3141.637: [GC pause (G1 Evacuation Pause) (young), 0.0225367 secs]
   [Parallel Time: 21.7 ms, GC Workers: 4]
      [GC Worker Start (ms): Min: 3141636.8, Avg: 3141636.8, Max: 3141636.8, Diff: 0.0]
      [Ext Root Scanning (ms): Min: 0.6, Avg: 0.7, Max: 0.7, Diff: 0.1, Sum: 2.7]
      [Update RS (ms): Min: 1.8, Avg: 1.9, Max: 2.0, Diff: 0.2, Sum: 7.6]
         [Processed Buffers: Min: 6, Avg: 11.8, Max: 15, Diff: 9, Sum: 47]
      [Scan RS (ms): Min: 3.2, Avg: 3.2, Max: 3.3, Diff: 0.1, Sum: 12.9]
      [Code Root Scanning (ms): Min: 0.0, Avg: 0.0, Max: 0.0, Diff: 0.0, Sum: 0.0]
      [Object Copy (ms): Min: 15.6, Avg: 15.7, Max: 15.7, Diff: 0.1, Sum: 62.8]
      [Termination (ms): Min: 0.0, Avg: 0.1, Max: 0.1, Diff: 0.1, Sum: 0.3]
         [Termination Attempts: Min: 1, Avg: 3.2, Max: 5, Diff: 4, Sum: 13]
      [GC Worker Other (ms): Min: 0.0, Avg: 0.0, Max: 0.0, Diff: 0.0, Sum: 0.0]
      [GC Worker Total (ms): Min: 21.5, Avg: 21.6, Max: 21.6, Diff: 0.1, Sum: 86.3]
      [GC Worker End (ms): Min: 3141658.3, Avg: 3141658.3, Max: 3141658.4, Diff: 0.1]
   [Code Root Fixup: 0.0 ms]
   [Code Root Purge: 0.0 ms]
   [Clear CT: 0.1 ms]
   [Other: 0.8 ms]
      [Choose CSet: 0.0 ms]
      [Ref Proc: 0.2 ms]
      [Ref Enq: 0.0 ms]
      [Redirty Cards: 0.1 ms]
      [Humongous Register: 0.2 ms]
      [Humongous Reclaim: 0.0 ms]
      [Free CSet: 0.1 ms]
   [Eden: 64.0M(63.0M)->0.0B(65.0M) Survivors: 3072.0K->7168.0K Heap: 260.9M(1024.0M)->200.9M(1024.0M)]
 [Times: user=0.06 sys=0.02, real=0.02 secs] 
2019-02-21T01:08:17.783-0100: 3247.408: [GC pause (G1 Evacuation Pause) (young), 0.0183890 secs]
   [Parallel Time: 17.2 ms, GC Workers: 4]
      [GC Worker Start (ms): Min: 3247407.8, Avg: 3247407.8, Max: 3247407.8, Diff: 0.0]
      [Ext Root Scanning (ms): Min: 0.6, Avg: 0.7, Max: 0.7, Diff: 0.1, Sum: 2.8]
      [Update RS (ms): Min: 2.0, Avg: 2.1, Max: 2.2, Diff: 0.2, Sum: 8.2]
         [Processed Buffers: Min: 5, Avg: 11.0, Max: 24, Diff: 19, Sum: 44]
      [Scan RS (ms): Min: 3.2, Avg: 3.3, Max: 3.4, Diff: 0.2, Sum: 13.3]
      [Code Root Scanning (ms): Min: 0.0, Avg: 0.0, Max: 0.0, Diff: 0.0, Sum: 0.0]
      [Object Copy (ms): Min: 11.0, Avg: 11.0, Max: 11.1, Diff: 0.1, Sum: 44.1]
      [Termination (ms): Min: 0.0, Avg: 0.0, Max: 0.0, Diff: 0.0, Sum: 0.0]
         [Termination Attempts: Min: 1, Avg: 1.2, Max: 2, Diff: 1, Sum: 5]
      [GC Worker Other (ms): Min: 0.0, Avg: 0.0, Max: 0.0, Diff: 0.0, Sum: 0.1]
      [GC Worker Total (ms): Min: 17.1, Avg: 17.1, Max: 17.2, Diff: 0.0, Sum: 68.6]
      [GC Worker End (ms): Min: 3247424.9, Avg: 3247424.9, Max: 3247424.9, Diff: 0.0]
   [Code Root Fixup: 0.0 ms]
   [Code Root Purge: 0.0 ms]
   [Clear CT: 0.1 ms]
   [Other: 1.1 ms]
      [Choose CSet: 0.0 ms]
      [Ref Proc: 0.7 ms]
      [Ref Enq: 0.0 ms]
      [Redirty Cards: 0.1 ms]
      [Humongous Register: 0.0 ms]
      [Humongous Reclaim: 0.0 ms]
      [Free CSet: 0.1 ms]
   [Eden: 65.0M(65.0M)->0.0B(65.0M) Survivors: 7168.0K->5120.0K Heap: 265.9M(1024.0M)->200.7M(1024.0M)]
 [Times: user=0.05 sys=0.00, real=0.02 secs] 
2019-02-21T01:09:02.088-0100: 3291.711: [GC pause (G1 Evacuation Pause) (young), 0.0224319 secs]
   [Parallel Time: 20.2 ms, GC Workers: 4]
      [GC Worker Start (ms): Min: 3291711.4, Avg: 3291713.6, Max: 3291719.9, Diff: 8.5]
      [Ext Root Scanning (ms): Min: 0.0, Avg: 0.6, Max: 0.8, Diff: 0.8, Sum: 2.2]
      [Update RS (ms): Min: 0.0, Avg: 2.2, Max: 3.1, Diff: 3.1, Sum: 8.8]
         [Processed Buffers: Min: 0, Avg: 10.8, Max: 25, Diff: 25, Sum: 43]
      [Scan RS (ms): Min: 0.0, Avg: 3.0, Max: 4.1, Diff: 4.1, Sum: 12.1]
      [Code Root Scanning (ms): Min: 0.0, Avg: 0.0, Max: 0.0, Diff: 0.0, Sum: 0.0]
      [Object Copy (ms): Min: 11.6, Avg: 12.1, Max: 12.4, Diff: 0.8, Sum: 48.6]
      [Termination (ms): Min: 0.0, Avg: 0.0, Max: 0.1, Diff: 0.0, Sum: 0.2]
         [Termination Attempts: Min: 4, Avg: 9.0, Max: 17, Diff: 13, Sum: 36]
      [GC Worker Other (ms): Min: 0.0, Avg: 0.0, Max: 0.0, Diff: 0.0, Sum: 0.1]
      [GC Worker Total (ms): Min: 11.6, Avg: 18.0, Max: 20.1, Diff: 8.5, Sum: 71.8]
      [GC Worker End (ms): Min: 3291731.5, Avg: 3291731.5, Max: 3291731.5, Diff: 0.0]
   [Code Root Fixup: 0.0 ms]
   [Code Root Purge: 0.0 ms]
   [Clear CT: 0.1 ms]
   [Other: 2.0 ms]
      [Choose CSet: 0.0 ms]
      [Ref Proc: 1.1 ms]
      [Ref Enq: 0.0 ms]
      [Redirty Cards: 0.3 ms]
      [Humongous Register: 0.0 ms]
      [Humongous Reclaim: 0.0 ms]
      [Free CSet: 0.2 ms]
   [Eden: 65.0M(65.0M)->0.0B(51.0M) Survivors: 5120.0K->9216.0K Heap: 265.7M(1024.0M)->204.7M(1024.0M)]
 [Times: user=0.07 sys=0.00, real=0.03 secs] 
2019-02-21T01:09:35.803-0100: 3325.426: [GC pause (G1 Evacuation Pause) (young), 0.0279009 secs]
   [Parallel Time: 26.7 ms, GC Workers: 4]
      [GC Worker Start (ms): Min: 3325425.9, Avg: 3325426.0, Max: 3325426.2, Diff: 0.3]
      [Ext Root Scanning (ms): Min: 0.4, Avg: 0.7, Max: 1.1, Diff: 0.7, Sum: 3.0]
      [Update RS (ms): Min: 2.2, Avg: 4.5, Max: 10.4, Diff: 8.2, Sum: 17.9]
         [Processed Buffers: Min: 0, Avg: 10.0, Max: 19, Diff: 19, Sum: 40]
      [Scan RS (ms): Min: 0.0, Avg: 4.7, Max: 7.2, Diff: 7.2, Sum: 18.8]
      [Code Root Scanning (ms): Min: 0.0, Avg: 0.0, Max: 0.0, Diff: 0.0, Sum: 0.0]
      [Object Copy (ms): Min: 15.4, Avg: 16.5, Max: 17.3, Diff: 1.9, Sum: 66.1]
      [Termination (ms): Min: 0.0, Avg: 0.1, Max: 0.2, Diff: 0.2, Sum: 0.4]
         [Termination Attempts: Min: 1, Avg: 1.0, Max: 1, Diff: 0, Sum: 4]
      [GC Worker Other (ms): Min: 0.0, Avg: 0.0, Max: 0.0, Diff: 0.0, Sum: 0.1]
      [GC Worker Total (ms): Min: 26.4, Avg: 26.5, Max: 26.6, Diff: 0.2, Sum: 106.2]
      [GC Worker End (ms): Min: 3325452.5, Avg: 3325452.6, Max: 3325452.6, Diff: 0.1]
   [Code Root Fixup: 0.0 ms]
   [Code Root Purge: 0.0 ms]
   [Clear CT: 0.1 ms]
   [Other: 1.1 ms]
      [Choose CSet: 0.0 ms]
      [Ref Proc: 0.7 ms]
      [Ref Enq: 0.0 ms]
      [Redirty Cards: 0.1 ms]
      [Humongous Register: 0.0 ms]
      [Humongous Reclaim: 0.0 ms]
      [Free CSet: 0.1 ms]
   [Eden: 51.0M(51.0M)->0.0B(45.0M) Survivors: 9216.0K->6144.0K Heap: 255.7M(1024.0M)->204.0M(1024.0M)]
 [Times: user=0.06 sys=0.01, real=0.03 secs] 
2019-02-21T01:11:03.499-0100: 3413.121: [GC pause (G1 Evacuation Pause) (young), 0.0168446 secs]
   [Parallel Time: 16.2 ms, GC Workers: 4]
      [GC Worker Start (ms): Min: 3413121.0, Avg: 3413121.1, Max: 3413121.3, Diff: 0.3]
      [Ext Root Scanning (ms): Min: 0.5, Avg: 0.7, Max: 0.8, Diff: 0.3, Sum: 2.8]
      [Update RS (ms): Min: 1.8, Avg: 1.8, Max: 2.0, Diff: 0.2, Sum: 7.4]
         [Processed Buffers: Min: 4, Avg: 11.8, Max: 18, Diff: 14, Sum: 47]
      [Scan RS (ms): Min: 3.1, Avg: 3.2, Max: 3.3, Diff: 0.2, Sum: 13.0]
      [Code Root Scanning (ms): Min: 0.0, Avg: 0.0, Max: 0.0, Diff: 0.0, Sum: 0.0]
      [Object Copy (ms): Min: 10.2, Avg: 10.3, Max: 10.3, Diff: 0.1, Sum: 41.1]
      [Termination (ms): Min: 0.0, Avg: 0.0, Max: 0.0, Diff: 0.0, Sum: 0.1]
         [Termination Attempts: Min: 3, Avg: 3.5, Max: 5, Diff: 2, Sum: 14]
      [GC Worker Other (ms): Min: 0.0, Avg: 0.0, Max: 0.0, Diff: 0.0, Sum: 0.1]
      [GC Worker Total (ms): Min: 15.9, Avg: 16.1, Max: 16.2, Diff: 0.3, Sum: 64.5]
      [GC Worker End (ms): Min: 3413137.2, Avg: 3413137.2, Max: 3413137.2, Diff: 0.0]
   [Code Root Fixup: 0.0 ms]
   [Code Root Purge: 0.0 ms]
   [Clear CT: 0.1 ms]
   [Other: 0.5 ms]
      [Choose CSet: 0.0 ms]
      [Ref Proc: 0.1 ms]
      [Ref Enq: 0.0 ms]
      [Redirty Cards: 0.1 ms]
      [Humongous Register: 0.0 ms]
      [Humongous Reclaim: 0.0 ms]
      [Free CSet: 0.0 ms]
   [Eden: 45.0M(45.0M)->0.0B(45.0M) Survivors: 6144.0K->6144.0K Heap: 249.0M(1024.0M)->206.4M(1024.0M)]
 [Times: user=0.06 sys=0.00, real=0.02 secs] 
2019-02-21T01:12:53.091-0100: 3522.710: [GC pause (G1 Evacuation Pause) (young), 0.0128461 secs]
   [Parallel Time: 11.6 ms, GC Workers: 4]
      [GC Worker Start (ms): Min: 3522710.6, Avg: 3522711.0, Max: 3522712.1, Diff: 1.5]
      [Ext Root Scanning (ms): Min: 0.0, Avg: 0.6, Max: 0.8, Diff: 0.8, Sum: 2.2]
      [Update RS (ms): Min: 1.2, Avg: 1.7, Max: 2.0, Diff: 0.8, Sum: 6.9]
         [Processed Buffers: Min: 3, Avg: 10.8, Max: 14, Diff: 11, Sum: 43]
      [Scan RS (ms): Min: 2.5, Avg: 2.5, Max: 2.6, Diff: 0.1, Sum: 10.1]
      [Code Root Scanning (ms): Min: 0.0, Avg: 0.0, Max: 0.0, Diff: 0.0, Sum: 0.0]
      [Object Copy (ms): Min: 6.2, Avg: 6.3, Max: 6.3, Diff: 0.1, Sum: 25.1]
      [Termination (ms): Min: 0.0, Avg: 0.0, Max: 0.0, Diff: 0.0, Sum: 0.0]
         [Termination Attempts: Min: 1, Avg: 1.0, Max: 1, Diff: 0, Sum: 4]
      [GC Worker Other (ms): Min: 0.0, Avg: 0.0, Max: 0.0, Diff: 0.0, Sum: 0.1]
      [GC Worker Total (ms): Min: 10.0, Avg: 11.1, Max: 11.5, Diff: 1.5, Sum: 44.5]
      [GC Worker End (ms): Min: 3522722.1, Avg: 3522722.1, Max: 3522722.1, Diff: 0.0]
   [Code Root Fixup: 0.0 ms]
   [Code Root Purge: 0.0 ms]
   [Clear CT: 0.0 ms]
   [Other: 1.2 ms]
      [Choose CSet: 0.0 ms]
      [Ref Proc: 0.8 ms]
      [Ref Enq: 0.0 ms]
      [Redirty Cards: 0.1 ms]
      [Humongous Register: 0.0 ms]
      [Humongous Reclaim: 0.0 ms]
      [Free CSet: 0.0 ms]
   [Eden: 45.0M(45.0M)->0.0B(66.0M) Survivors: 6144.0K->5120.0K Heap: 251.4M(1024.0M)->206.4M(1024.0M)]
 [Times: user=0.05 sys=0.00, real=0.01 secs] 
2019-02-21T01:15:28.425-0100: 3678.043: [GC pause (G1 Evacuation Pause) (young), 0.0254111 secs]
   [Parallel Time: 24.5 ms, GC Workers: 4]
      [GC Worker Start (ms): Min: 3678042.6, Avg: 3678042.7, Max: 3678042.7, Diff: 0.0]
      [Ext Root Scanning (ms): Min: 0.5, Avg: 0.5, Max: 0.6, Diff: 0.2, Sum: 2.1]
      [Update RS (ms): Min: 1.5, Avg: 1.7, Max: 1.8, Diff: 0.3, Sum: 6.7]
         [Processed Buffers: Min: 9, Avg: 11.5, Max: 13, Diff: 4, Sum: 46]
      [Scan RS (ms): Min: 1.3, Avg: 1.5, Max: 1.7, Diff: 0.3, Sum: 6.1]
      [Code Root Scanning (ms): Min: 0.0, Avg: 0.0, Max: 0.0, Diff: 0.0, Sum: 0.0]
      [Object Copy (ms): Min: 19.9, Avg: 20.2, Max: 20.7, Diff: 0.8, Sum: 80.6]
      [Termination (ms): Min: 0.0, Avg: 0.6, Max: 0.8, Diff: 0.8, Sum: 2.2]
         [Termination Attempts: Min: 1, Avg: 4.0, Max: 7, Diff: 6, Sum: 16]
      [GC Worker Other (ms): Min: 0.0, Avg: 0.0, Max: 0.0, Diff: 0.0, Sum: 0.1]
      [GC Worker Total (ms): Min: 24.4, Avg: 24.4, Max: 24.5, Diff: 0.1, Sum: 97.7]
      [GC Worker End (ms): Min: 3678067.0, Avg: 3678067.1, Max: 3678067.1, Diff: 0.1]
   [Code Root Fixup: 0.0 ms]
   [Code Root Purge: 0.0 ms]
   [Clear CT: 0.1 ms]
   [Other: 0.8 ms]
      [Choose CSet: 0.0 ms]
      [Ref Proc: 0.5 ms]
      [Ref Enq: 0.0 ms]
      [Redirty Cards: 0.1 ms]
      [Humongous Register: 0.0 ms]
      [Humongous Reclaim: 0.0 ms]
      [Free CSet: 0.0 ms]
   [Eden: 66.0M(66.0M)->0.0B(44.0M) Survivors: 5120.0K->9216.0K Heap: 272.4M(1024.0M)->210.9M(1024.0M)]
 [Times: user=0.06 sys=0.01, real=0.03 secs] 
2019-02-21T01:17:15.514-0100: 3785.129: [GC pause (G1 Evacuation Pause) (young), 0.0132033 secs]
   [Parallel Time: 12.0 ms, GC Workers: 4]
      [GC Worker Start (ms): Min: 3785129.2, Avg: 3785129.2, Max: 3785129.2, Diff: 0.0]
      [Ext Root Scanning (ms): Min: 0.5, Avg: 0.5, Max: 0.6, Diff: 0.1, Sum: 2.2]
      [Update RS (ms): Min: 1.0, Avg: 1.1, Max: 1.2, Diff: 0.3, Sum: 4.3]
         [Processed Buffers: Min: 2, Avg: 9.8, Max: 22, Diff: 20, Sum: 39]
      [Scan RS (ms): Min: 1.6, Avg: 1.7, Max: 1.8, Diff: 0.1, Sum: 6.9]
      [Code Root Scanning (ms): Min: 0.0, Avg: 0.0, Max: 0.0, Diff: 0.0, Sum: 0.0]
      [Object Copy (ms): Min: 8.4, Avg: 8.5, Max: 8.6, Diff: 0.2, Sum: 34.2]
      [Termination (ms): Min: 0.0, Avg: 0.0, Max: 0.1, Diff: 0.1, Sum: 0.1]
         [Termination Attempts: Min: 2, Avg: 3.0, Max: 6, Diff: 4, Sum: 12]
      [GC Worker Other (ms): Min: 0.0, Avg: 0.0, Max: 0.0, Diff: 0.0, Sum: 0.1]
      [GC Worker Total (ms): Min: 11.9, Avg: 11.9, Max: 11.9, Diff: 0.0, Sum: 47.7]
      [GC Worker End (ms): Min: 3785141.1, Avg: 3785141.1, Max: 3785141.1, Diff: 0.0]
   [Code Root Fixup: 0.0 ms]
   [Code Root Purge: 0.0 ms]
   [Clear CT: 0.1 ms]
   [Other: 1.1 ms]
      [Choose CSet: 0.0 ms]
      [Ref Proc: 0.8 ms]
      [Ref Enq: 0.0 ms]
      [Redirty Cards: 0.1 ms]
      [Humongous Register: 0.0 ms]
      [Humongous Reclaim: 0.0 ms]
      [Free CSet: 0.0 ms]
   [Eden: 44.0M(44.0M)->0.0B(74.0M) Survivors: 9216.0K->4096.0K Heap: 254.9M(1024.0M)->208.5M(1024.0M)]
 [Times: user=0.05 sys=0.01, real=0.02 secs] 
2019-02-21T01:20:16.165-0100: 3965.777: [GC pause (G1 Evacuation Pause) (young), 0.0083154 secs]
   [Parallel Time: 7.6 ms, GC Workers: 4]
      [GC Worker Start (ms): Min: 3965777.7, Avg: 3965777.7, Max: 3965777.7, Diff: 0.0]
      [Ext Root Scanning (ms): Min: 0.6, Avg: 0.6, Max: 0.6, Diff: 0.1, Sum: 2.4]
      [Update RS (ms): Min: 2.1, Avg: 2.2, Max: 2.4, Diff: 0.3, Sum: 8.9]
         [Processed Buffers: Min: 5, Avg: 11.2, Max: 24, Diff: 19, Sum: 45]
      [Scan RS (ms): Min: 0.2, Avg: 0.3, Max: 0.4, Diff: 0.2, Sum: 1.4]
      [Code Root Scanning (ms): Min: 0.0, Avg: 0.0, Max: 0.0, Diff: 0.0, Sum: 0.0]
      [Object Copy (ms): Min: 4.3, Avg: 4.3, Max: 4.4, Diff: 0.1, Sum: 17.3]
      [Termination (ms): Min: 0.0, Avg: 0.0, Max: 0.0, Diff: 0.0, Sum: 0.0]
         [Termination Attempts: Min: 1, Avg: 1.0, Max: 1, Diff: 0, Sum: 4]
      [GC Worker Other (ms): Min: 0.0, Avg: 0.0, Max: 0.0, Diff: 0.0, Sum: 0.1]
      [GC Worker Total (ms): Min: 7.5, Avg: 7.5, Max: 7.6, Diff: 0.0, Sum: 30.2]
      [GC Worker End (ms): Min: 3965785.2, Avg: 3965785.2, Max: 3965785.2, Diff: 0.0]
   [Code Root Fixup: 0.0 ms]
   [Code Root Purge: 0.0 ms]
   [Clear CT: 0.1 ms]
   [Other: 0.6 ms]
      [Choose CSet: 0.0 ms]
      [Ref Proc: 0.2 ms]
      [Ref Enq: 0.0 ms]
      [Redirty Cards: 0.1 ms]
      [Humongous Register: 0.0 ms]
      [Humongous Reclaim: 0.0 ms]
      [Free CSet: 0.0 ms]
   [Eden: 74.0M(74.0M)->0.0B(103.0M) Survivors: 4096.0K->3072.0K Heap: 282.5M(1024.0M)->207.5M(1024.0M)]
 [Times: user=0.02 sys=0.01, real=0.01 secs] 
2019-02-21T01:24:54.747-0100: 4219.424: [GC pause (G1 Evacuation Pause) (young), 0.0168915 secs]
   [Parallel Time: 13.8 ms, GC Workers: 4]
      [GC Worker Start (ms): Min: 4219426.7, Avg: 4219426.8, Max: 4219426.9, Diff: 0.1]
      [Ext Root Scanning (ms): Min: 2.3, Avg: 3.2, Max: 5.6, Diff: 3.2, Sum: 12.7]
      [Update RS (ms): Min: 0.0, Avg: 1.3, Max: 1.8, Diff: 1.8, Sum: 5.1]
         [Processed Buffers: Min: 0, Avg: 11.0, Max: 19, Diff: 19, Sum: 44]
      [Scan RS (ms): Min: 0.0, Avg: 0.5, Max: 0.7, Diff: 0.7, Sum: 1.8]
      [Code Root Scanning (ms): Min: 0.0, Avg: 0.0, Max: 0.0, Diff: 0.0, Sum: 0.0]
      [Object Copy (ms): Min: 8.1, Avg: 8.7, Max: 8.9, Diff: 0.8, Sum: 34.7]
      [Termination (ms): Min: 0.0, Avg: 0.0, Max: 0.1, Diff: 0.1, Sum: 0.1]
         [Termination Attempts: Min: 1, Avg: 1.0, Max: 1, Diff: 0, Sum: 4]
      [GC Worker Other (ms): Min: 0.0, Avg: 0.0, Max: 0.0, Diff: 0.0, Sum: 0.1]
      [GC Worker Total (ms): Min: 13.6, Avg: 13.7, Max: 13.7, Diff: 0.1, Sum: 54.7]
      [GC Worker End (ms): Min: 4219440.4, Avg: 4219440.4, Max: 4219440.5, Diff: 0.0]
   [Code Root Fixup: 0.0 ms]
   [Code Root Purge: 0.0 ms]
   [Clear CT: 0.1 ms]
   [Other: 3.0 ms]
      [Choose CSet: 0.0 ms]
      [Ref Proc: 0.2 ms]
      [Ref Enq: 0.0 ms]
      [Redirty Cards: 0.1 ms]
      [Humongous Register: 2.0 ms]
      [Humongous Reclaim: 0.0 ms]
      [Free CSet: 0.3 ms]
   [Eden: 103.0M(103.0M)->0.0B(92.0M) Survivors: 3072.0K->5120.0K Heap: 310.5M(1024.0M)->209.4M(1024.0M)]
 [Times: user=0.03 sys=0.03, real=0.02 secs] 
2019-02-21T01:39:53.955-0100: 4458.494: [GC pause (G1 Evacuation Pause) (young), 0.0159503 secs]
   [Parallel Time: 15.3 ms, GC Workers: 4]
      [GC Worker Start (ms): Min: 4458493.9, Avg: 4458494.0, Max: 4458494.0, Diff: 0.1]
      [Ext Root Scanning (ms): Min: 0.8, Avg: 0.8, Max: 0.9, Diff: 0.1, Sum: 3.3]
      [Update RS (ms): Min: 0.8, Avg: 0.9, Max: 1.1, Diff: 0.3, Sum: 3.6]
         [Processed Buffers: Min: 7, Avg: 10.2, Max: 15, Diff: 8, Sum: 41]
      [Scan RS (ms): Min: 0.1, Avg: 0.4, Max: 0.5, Diff: 0.4, Sum: 1.4]
      [Code Root Scanning (ms): Min: 0.0, Avg: 0.0, Max: 0.0, Diff: 0.0, Sum: 0.0]
      [Object Copy (ms): Min: 12.8, Avg: 13.0, Max: 13.0, Diff: 0.2, Sum: 51.8]
      [Termination (ms): Min: 0.0, Avg: 0.1, Max: 0.1, Diff: 0.1, Sum: 0.2]
         [Termination Attempts: Min: 2, Avg: 5.0, Max: 7, Diff: 5, Sum: 20]
      [GC Worker Other (ms): Min: 0.0, Avg: 0.0, Max: 0.0, Diff: 0.0, Sum: 0.1]
      [GC Worker Total (ms): Min: 15.1, Avg: 15.1, Max: 15.2, Diff: 0.1, Sum: 60.4]
      [GC Worker End (ms): Min: 4458509.0, Avg: 4458509.1, Max: 4458509.1, Diff: 0.0]
   [Code Root Fixup: 0.0 ms]
   [Code Root Purge: 0.0 ms]
   [Clear CT: 0.1 ms]
   [Other: 0.6 ms]
      [Choose CSet: 0.0 ms]
      [Ref Proc: 0.2 ms]
      [Ref Enq: 0.0 ms]
      [Redirty Cards: 0.1 ms]
      [Humongous Register: 0.0 ms]
      [Humongous Reclaim: 0.0 ms]
      [Free CSet: 0.1 ms]
   [Eden: 92.0M(92.0M)->0.0B(91.0M) Survivors: 5120.0K->10.0M Heap: 301.4M(1024.0M)->215.0M(1024.0M)]
 [Times: user=0.06 sys=0.00, real=0.02 secs] 
2019-02-21T01:45:49.400-0100: 4681.520: [GC pause (G1 Evacuation Pause) (young), 0.0177485 secs]
   [Parallel Time: 17.0 ms, GC Workers: 4]
      [GC Worker Start (ms): Min: 4681520.4, Avg: 4681520.5, Max: 4681520.6, Diff: 0.2]
      [Ext Root Scanning (ms): Min: 0.5, Avg: 0.6, Max: 0.7, Diff: 0.2, Sum: 2.6]
      [Update RS (ms): Min: 0.9, Avg: 1.0, Max: 1.1, Diff: 0.1, Sum: 4.0]
         [Processed Buffers: Min: 2, Avg: 10.8, Max: 19, Diff: 17, Sum: 43]
      [Scan RS (ms): Min: 0.2, Avg: 0.2, Max: 0.3, Diff: 0.1, Sum: 0.8]
      [Code Root Scanning (ms): Min: 0.0, Avg: 0.0, Max: 0.0, Diff: 0.0, Sum: 0.1]
      [Object Copy (ms): Min: 15.0, Avg: 15.0, Max: 15.1, Diff: 0.1, Sum: 60.1]
      [Termination (ms): Min: 0.0, Avg: 0.0, Max: 0.0, Diff: 0.0, Sum: 0.0]
         [Termination Attempts: Min: 1, Avg: 1.0, Max: 1, Diff: 0, Sum: 4]
      [GC Worker Other (ms): Min: 0.0, Avg: 0.0, Max: 0.0, Diff: 0.0, Sum: 0.1]
      [GC Worker Total (ms): Min: 16.8, Avg: 16.9, Max: 16.9, Diff: 0.2, Sum: 67.5]
      [GC Worker End (ms): Min: 4681537.3, Avg: 4681537.3, Max: 4681537.3, Diff: 0.0]
   [Code Root Fixup: 0.0 ms]
   [Code Root Purge: 0.0 ms]
   [Clear CT: 0.1 ms]
   [Other: 0.6 ms]
      [Choose CSet: 0.0 ms]
      [Ref Proc: 0.2 ms]
      [Ref Enq: 0.0 ms]
      [Redirty Cards: 0.1 ms]
      [Humongous Register: 0.0 ms]
      [Humongous Reclaim: 0.0 ms]
      [Free CSet: 0.0 ms]
   [Eden: 91.0M(91.0M)->0.0B(88.0M) Survivors: 10.0M->8192.0K Heap: 306.0M(1024.0M)->216.0M(1024.0M)]
 [Times: user=0.06 sys=0.00, real=0.01 secs] 
2019-02-21T11:58:42.052-0100: 4918.529: [GC pause (G1 Evacuation Pause) (young), 0.0790355 secs]
   [Parallel Time: 74.5 ms, GC Workers: 4]
      [GC Worker Start (ms): Min: 4918532.3, Avg: 4918533.0, Max: 4918533.5, Diff: 1.1]
      [Ext Root Scanning (ms): Min: 0.7, Avg: 3.0, Max: 4.7, Diff: 4.1, Sum: 12.1]
      [Update RS (ms): Min: 1.9, Avg: 3.0, Max: 4.6, Diff: 2.7, Sum: 11.8]
         [Processed Buffers: Min: 5, Avg: 13.0, Max: 19, Diff: 14, Sum: 52]
      [Scan RS (ms): Min: 2.0, Avg: 3.3, Max: 4.2, Diff: 2.3, Sum: 13.2]
      [Code Root Scanning (ms): Min: 0.0, Avg: 0.0, Max: 0.1, Diff: 0.1, Sum: 0.1]
      [Object Copy (ms): Min: 62.5, Avg: 63.2, Max: 63.9, Diff: 1.4, Sum: 252.9]
      [Termination (ms): Min: 0.0, Avg: 0.6, Max: 0.8, Diff: 0.8, Sum: 2.2]
         [Termination Attempts: Min: 1, Avg: 1.8, Max: 3, Diff: 2, Sum: 7]
      [GC Worker Other (ms): Min: 0.0, Avg: 0.5, Max: 1.8, Diff: 1.8, Sum: 1.9]
      [GC Worker Total (ms): Min: 73.1, Avg: 73.6, Max: 74.2, Diff: 1.1, Sum: 294.2]
      [GC Worker End (ms): Min: 4918606.5, Avg: 4918606.6, Max: 4918606.7, Diff: 0.2]
   [Code Root Fixup: 0.0 ms]
   [Code Root Purge: 0.0 ms]
   [Clear CT: 0.1 ms]
   [Other: 4.4 ms]
      [Choose CSet: 0.0 ms]
      [Ref Proc: 0.4 ms]
      [Ref Enq: 0.0 ms]
      [Redirty Cards: 0.0 ms]
      [Humongous Register: 3.1 ms]
      [Humongous Reclaim: 0.0 ms]
      [Free CSet: 0.3 ms]
   [Eden: 88.0M(88.0M)->0.0B(45.0M) Survivors: 8192.0K->6144.0K Heap: 304.0M(1024.0M)->216.0M(1024.0M)]
 [Times: user=0.08 sys=0.08, real=0.08 secs] 
Heap
 garbage-first heap   total 1048576K, used 224256K [0x0000000780000000, 0x0000000780102000, 0x00000007c0000000)
  region size 1024K, 10 young (10240K), 6 survivors (6144K)
 Metaspace       used 33216K, capacity 33550K, committed 33920K, reserved 1079296K
  class space    used 4486K, capacity 4625K, committed 4736K, reserved 1048576K
]
         [Processed Buffers: Min: 2, Avg: 10.5, Max: 21, Diff: 19, Sum: 42]
      [Scan RS (ms): Min: 1.3, Avg: 1.4, Max: 1.5, Diff: 0.3, Sum: 5.7]
      [Code Root Scanning (ms): Min: 0.0, Avg: 0.0, Max: 0.1, Diff: 0.1, Sum: 0.1]
      [Object Copy (ms): Min: 9.2, Avg: 9.3, Max: 9.4, Diff: 0.1, Sum: 37.1]
      [Termination (ms): Min: 0.0, Avg: 0.0, Max: 0.0, Diff: 0.0, Sum: 0.0]
         [Termination Attempts: Min: 1, Avg: 1.0, Max: 1, Diff: 0, Sum: 4]
      [GC Worker Other (ms): Min: 0.0, Avg: 0.0, Max: 0.0, Diff: 0.0, Sum: 0.1]
      [GC Worker Total (ms): Min: 13.2, Avg: 13.3, Max: 13.3, Diff: 0.1, Sum: 53.1]
      [GC Worker End (ms): Min: 3889174.0, Avg: 3889174.0, Max: 3889174.0, Diff: 0.0]
   [Code Root Fixup: 0.0 ms]
   [Code Root Purge: 0.0 ms]
   [Clear CT: 0.1 ms]
   [Other: 0.5 ms]
      [Choose CSet: 0.0 ms]
      [Ref Proc: 0.1 ms]
      [Ref Enq: 0.0 ms]
      [Redirty Cards: 0.1 ms]
      [Humongous Register: 0.0 ms]
      [Humongous Reclaim: 0.0 ms]
      [Free CSet: 0.0 ms]
   [Eden: 51.0M(51.0M)->0.0B(87.0M) Survivors: 8192.0K->4096.0K Heap: 278.9M(1024.0M)->226.4M(1024.0M)]
 [Times: user=0.05 sys=0.01, real=0.01 secs] 
2019-02-21T01:22:57.859-0100: 4101.914: [GC pause (G1 Evacuation Pause) (young), 0.0125016 secs]
   [Parallel Time: 11.3 ms, GC Workers: 4]
      [GC Worker Start (ms): Min: 4101914.5, Avg: 4101914.6, Max: 4101915.0, Diff: 0.6]
      [Ext Root Scanning (ms): Min: 0.3, Avg: 0.9, Max: 1.3, Diff: 1.0, Sum: 3.4]
      [Update RS (ms): Min: 4.4, Avg: 5.6, Max: 8.7, Diff: 4.4, Sum: 22.2]
         [Processed Buffers: Min: 2, Avg: 10.2, Max: 20, Diff: 18, Sum: 41]
      [Scan RS (ms): Min: 0.0, Avg: 0.1, Max: 0.2, Diff: 0.2, Sum: 0.4]
      [Code Root Scanning (ms): Min: 0.0, Avg: 0.0, Max: 0.0, Diff: 0.0, Sum: 0.0]
      [Object Copy (ms): Min: 1.3, Avg: 4.3, Max: 5.4, Diff: 4.1, Sum: 17.0]
      [Termination (ms): Min: 0.0, Avg: 0.2, Max: 0.4, Diff: 0.4, Sum: 0.9]
         [Termination Attempts: Min: 1, Avg: 1.5, Max: 2, Diff: 1, Sum: 6]
      [GC Worker Other (ms): Min: 0.0, Avg: 0.0, Max: 0.0, Diff: 0.0, Sum: 0.1]
      [GC Worker Total (ms): Min: 10.6, Avg: 11.0, Max: 11.3, Diff: 0.7, Sum: 44.1]
      [GC Worker End (ms): Min: 4101925.6, Avg: 4101925.7, Max: 4101925.8, Diff: 0.2]
   [Code Root Fixup: 0.0 ms]
   [Code Root Purge: 0.0 ms]
   [Clear CT: 0.0 ms]
   [Other: 1.1 ms]
      [Choose CSet: 0.0 ms]
      [Ref Proc: 0.7 ms]
      [Ref Enq: 0.0 ms]
      [Redirty Cards: 0.0 ms]
      [Humongous Register: 0.0 ms]
      [Humongous Reclaim: 0.0 ms]
      [Free CSet: 0.1 ms]
   [Eden: 87.0M(87.0M)->0.0B(104.0M) Survivors: 4096.0K->4096.0K Heap: 313.4M(1024.0M)->226.9M(1024.0M)]
 [Times: user=0.02 sys=0.01, real=0.02 secs] 
2019-02-21T01:38:22.456-0100: 4366.373: [GC pause (G1 Evacuation Pause) (young), 0.0267703 secs]
   [Parallel Time: 26.0 ms, GC Workers: 4]
      [GC Worker Start (ms): Min: 4366373.1, Avg: 4366373.2, Max: 4366373.3, Diff: 0.3]
      [Ext Root Scanning (ms): Min: 0.6, Avg: 0.7, Max: 0.9, Diff: 0.3, Sum: 2.9]
      [Update RS (ms): Min: 0.8, Avg: 1.8, Max: 2.7, Diff: 1.9, Sum: 7.1]
         [Processed Buffers: Min: 1, Avg: 10.0, Max: 22, Diff: 21, Sum: 40]
      [Scan RS (ms): Min: 0.0, Avg: 0.1, Max: 0.2, Diff: 0.1, Sum: 0.3]
      [Code Root Scanning (ms): Min: 0.0, Avg: 0.0, Max: 0.1, Diff: 0.1, Sum: 0.1]
      [Object Copy (ms): Min: 21.8, Avg: 22.7, Max: 23.4, Diff: 1.6, Sum: 90.7]
      [Termination (ms): Min: 0.0, Avg: 0.4, Max: 0.7, Diff: 0.7, Sum: 1.6]
         [Termination Attempts: Min: 1, Avg: 2.2, Max: 4, Diff: 3, Sum: 9]
      [GC Worker Other (ms): Min: 0.0, Avg: 0.0, Max: 0.1, Diff: 0.0, Sum: 0.1]
      [GC Worker Total (ms): Min: 25.6, Avg: 25.7, Max: 25.8, Diff: 0.1, Sum: 102.8]
      [GC Worker End (ms): Min: 4366398.8, Avg: 4366398.8, Max: 4366399.0, Diff: 0.2]
   [Code Root Fixup: 0.0 ms]
   [Code Root Purge: 0.0 ms]
   [Clear CT: 0.0 ms]
   [Other: 0.8 ms]
      [Choose CSet: 0.0 ms]
      [Ref Proc: 0.3 ms]
      [Ref Enq: 0.0 ms]
      [Redirty Cards: 0.1 ms]
      [Humongous Register: 0.1 ms]
      [Humongous Reclaim: 0.0 ms]
      [Free CSet: 0.1 ms]
   [Eden: 104.0M(104.0M)->0.0B(74.0M) Survivors: 4096.0K->13.0M Heap: 330.9M(1024.0M)->235.6M(1024.0M)]
 [Times: user=0.06 sys=0.01, real=0.03 secs] 
2019-02-21T01:41:21.456-0100: 4545.370: [GC pause (G1 Evacuation Pause) (young), 0.0151813 secs]
   [Parallel Time: 14.5 ms, GC Workers: 4]
      [GC Worker Start (ms): Min: 4545369.8, Avg: 4545369.8, Max: 4545369.9, Diff: 0.1]
      [Ext Root Scanning (ms): Min: 0.5, Avg: 0.6, Max: 0.6, Diff: 0.1, Sum: 2.2]
      [Update RS (ms): Min: 0.5, Avg: 0.5, Max: 0.6, Diff: 0.1, Sum: 2.0]
         [Processed Buffers: Min: 1, Avg: 9.5, Max: 19, Diff: 18, Sum: 38]
      [Scan RS (ms): Min: 0.0, Avg: 0.0, Max: 0.0, Diff: 0.0, Sum: 0.1]
      [Code Root Scanning (ms): Min: 0.0, Avg: 0.0, Max: 0.0, Diff: 0.0, Sum: 0.0]
      [Object Copy (ms): Min: 13.2, Avg: 13.3, Max: 13.4, Diff: 0.1, Sum: 53.2]
      [Termination (ms): Min: 0.0, Avg: 0.0, Max: 0.0, Diff: 0.0, Sum: 0.0]
         [Termination Attempts: Min: 1, Avg: 1.0, Max: 1, Diff: 0, Sum: 4]
      [GC Worker Other (ms): Min: 0.0, Avg: 0.0, Max: 0.0, Diff: 0.0, Sum: 0.1]
      [GC Worker Total (ms): Min: 14.4, Avg: 14.4, Max: 14.5, Diff: 0.1, Sum: 57.7]
      [GC Worker End (ms): Min: 4545384.3, Avg: 4545384.3, Max: 4545384.3, Diff: 0.0]
   [Code Root Fixup: 0.0 ms]
   [Code Root Purge: 0.0 ms]
   [Clear CT: 0.1 ms]
   [Other: 0.6 ms]
      [Choose CSet: 0.0 ms]
      [Ref Proc: 0.2 ms]
      [Ref Enq: 0.0 ms]
      [Redirty Cards: 0.1 ms]
      [Humongous Register: 0.0 ms]
      [Humongous Reclaim: 0.0 ms]
      [Free CSet: 0.1 ms]
   [Eden: 74.0M(74.0M)->0.0B(96.0M) Survivors: 13.0M->6144.0K Heap: 309.6M(1024.0M)->232.1M(1024.0M)]
 [Times: user=0.06 sys=0.00, real=0.02 secs] 
2019-02-21T01:47:28.172-0100: 4779.667: [GC pause (G1 Evacuation Pause) (young), 0.0120002 secs]
   [Parallel Time: 11.4 ms, GC Workers: 4]
      [GC Worker Start (ms): Min: 4779667.0, Avg: 4779667.0, Max: 4779667.1, Diff: 0.1]
      [Ext Root Scanning (ms): Min: 0.5, Avg: 0.6, Max: 0.7, Diff: 0.1, Sum: 2.4]
      [Update RS (ms): Min: 1.7, Avg: 1.8, Max: 1.9, Diff: 0.2, Sum: 7.4]
         [Processed Buffers: Min: 4, Avg: 10.8, Max: 18, Diff: 14, Sum: 43]
      [Scan RS (ms): Min: 0.6, Avg: 0.7, Max: 0.8, Diff: 0.2, Sum: 2.9]
      [Code Root Scanning (ms): Min: 0.0, Avg: 0.0, Max: 0.0, Diff: 0.0, Sum: 0.0]
      [Object Copy (ms): Min: 8.1, Avg: 8.2, Max: 8.2, Diff: 0.1, Sum: 32.7]
      [Termination (ms): Min: 0.0, Avg: 0.0, Max: 0.0, Diff: 0.0, Sum: 0.0]
         [Termination Attempts: Min: 3, Avg: 5.8, Max: 8, Diff: 5, Sum: 23]
      [GC Worker Other (ms): Min: 0.0, Avg: 0.0, Max: 0.0, Diff: 0.0, Sum: 0.1]
      [GC Worker Total (ms): Min: 11.3, Avg: 11.4, Max: 11.4, Diff: 0.1, Sum: 45.5]
      [GC Worker End (ms): Min: 4779678.4, Avg: 4779678.4, Max: 4779678.4, Diff: 0.0]
   [Code Root Fixup: 0.0 ms]
   [Code Root Purge: 0.0 ms]
   [Clear CT: 0.1 ms]
   [Other: 0.5 ms]
      [Choose CSet: 0.0 ms]
      [Ref Proc: 0.1 ms]
      [Ref Enq: 0.0 ms]
      [Redirty Cards: 0.1 ms]
      [Humongous Register: 0.1 ms]
      [Humongous Reclaim: 0.0 ms]
      [Free CSet: 0.0 ms]
   [Eden: 96.0M(96.0M)->0.0B(111.0M) Survivors: 6144.0K->7168.0K Heap: 328.1M(1024.0M)->233.1M(1024.0M)]
 [Times: user=0.04 sys=0.00, real=0.01 secs] 
Heap
 garbage-first heap   total 1048576K, used 349301K [0x0000000780000000, 0x0000000780102000, 0x00000007c0000000)
  region size 1024K, 116 young (118784K), 7 survivors (7168K)
 Metaspace       used 33468K, capacity 33726K, committed 34176K, reserved 1079296K
  class space    used 4504K, capacity 4623K, committed 4736K, reserved 1048576K
